[     383ms] [WARNING] Element with id: isMergeSignInSignUpV2Enabled not found @ https://static.licdn.com/aero-v1/sc/h/7adcdd9n2zpcgujgwvj48ab2h:1
[     383ms] [WARNING] Element with id: mergeSignInSignUpLixValue not found @ https://static.licdn.com/aero-v1/sc/h/7adcdd9n2zpcgujgwvj48ab2h:1
[     384ms] [WARNING] No outlet was found with a data-modal attribute equal to the provided dataCustomOutlet param base-contextual-sign-in-modal @ https://static.licdn.com/aero-v1/sc/h/7adcdd9n2zpcgujgwvj48ab2h:1
[     390ms] [WARNING] elementToFocus not provided and the dropdown container is not focusable. Consider adding tabindex="-1" to: JSHandle@node @ https://static.licdn.com/aero-v1/sc/h/7adcdd9n2zpcgujgwvj48ab2h:1
[     394ms] Uncaught TypeError: Cannot read properties of null (reading 'addEventListener')
    at Bf (https://static.licdn.com/aero-v1/sc/h/7adcdd9n2zpcgujgwvj48ab2h:1:430163)
    at rp (https://static.licdn.com/aero-v1/sc/h/7adcdd9n2zpcgujgwvj48ab2h:1:463392)
    at d (https://static.licdn.com/aero-v1/sc/h/7adcdd9n2zpcgujgwvj48ab2h:1:1578498)
    at <anonymous> (https://static.licdn.com/aero-v1/sc/h/7adcdd9n2zpcgujgwvj48ab2h:1:1580516)
[     535ms] [WARNING] [GSI_LOGGER]: Your client application may not display the Google One Tap in its default position. When FedCM becomes mandatory, One Tap only displays in the default position. Refer to the migration guide to update your code accordingly and opt-in to FedCM to test your changes. Learn more: https://developers.google.com/identity/gsi/web/guides/fedcm-migration?s=dc#layout @ https://static.licdn.com/aero-v1/sc/h/29rdkxlvag0d3cpj96fiilbju:168
[     536ms] [WARNING] [GSI_LOGGER]: Your client application uses one of the Google One Tap prompt UI status methods that may stop functioning when FedCM becomes mandatory. Refer to the migration guide to update your code accordingly and opt-in to FedCM to test your changes. Learn more: https://developers.google.com/identity/gsi/web/guides/fedcm-migration?s=dc#display_moment and https://developers.google.com/identity/gsi/web/guides/fedcm-migration?s=dc#skipped_moment @ https://static.licdn.com/aero-v1/sc/h/29rdkxlvag0d3cpj96fiilbju:168
[     537ms] [WARNING] [GSI_LOGGER]: Currently, you disable FedCM on Google One Tap. FedCM for One Tap will become mandatory starting Oct 2024, and you won’t be able to disable it. Refer to the migration guide to update your code accordingly to ensure users will not be blocked from logging in. Learn more: https://developers.google.com/identity/gsi/web/guides/fedcm-migration @ https://static.licdn.com/aero-v1/sc/h/29rdkxlvag0d3cpj96fiilbju:168
[    2189ms] [LOG] %c EvalError
    at pM (https://client.protechts.net/PXdOjV695v/main.min.js:2:63096)
    at rO (https://client.protechts.net/PXdOjV695v/main.min.js:2:67370)
    at KN (https://client.protechts.net/PXdOjV695v/main.min.js:2:221630)
    at KL (https://client.protechts.net/PXdOjV695v/main.min.js:2:221263)
    at https://client.protechts.net/PXdOjV695v/main.min.js:2:222986
    at https://client.protechts.net/PXdOjV695v/main.min.js:2:222992
    at https://client.protechts.net/PXdOjV695v/main.min.js:2:223457 @ https://client.protechts.net/PXdOjV695v/main.min.js:1
[    2757ms] [ERROR] Framing 'https://accounts.google.com/' violates the following report-only Content Security Policy directive: "frame-ancestors 'self'". The violation has been logged, but no further action has been taken.
 @ :0
