[     559ms] [INFO] %cDownload the React DevTools for a better development experience: https://reactjs.org/link/react-devtools font-weight:bold @ webpack-internal:///(app-pages-browser)/./node_modules/next/dist/compiled/react-dom/cjs/react-dom.development.js:38559
[     925ms] [ERROR] Failed to load resource: the server responded with a status of 400 () @ https://clerk.greentryst.com/v1/client?__clerk_api_version=2025-11-10&_clerk_js_version=5.125.7:0
[     925ms] [ERROR] e: Clerk: Production Keys are only allowed for domain "greentryst.com". 
API Error: The Request HTTP Origin header must be equal to or a subdomain of the requesting URL.
    at https://clerk.greentryst.com/npm/@clerk/clerk-js@5/dist/clerk.browser.js:2:7182
    at u._baseFetch (https://clerk.greentryst.com/npm/@clerk/clerk-js@5/dist/clerk.browser.js:3:38)
    at async d.execute (https://clerk.greentryst.com/npm/@clerk/clerk-js@5/dist/clerk.browser.js:2:5226)
    at async s._baseGet (https://clerk.greentryst.com/npm/@clerk/clerk-js@5/dist/clerk.browser.js:3:567)
    at async Promise.all (index 1)
    at async #U (https://clerk.greentryst.com/npm/@clerk/clerk-js@5/dist/clerk.browser.js:5:73541)
    at async e5.load (https://clerk.greentryst.com/npm/@clerk/clerk-js@5/dist/clerk.browser.js:5:34322)
    at async _IsomorphicClerk.loadClerkJS (webpack-internal:///(app-pages-browser)/./node_modules/@clerk/clerk-react/dist/index.mjs:1746:9) @ webpack-internal:///(app-pages-browser)/./node_modules/next/dist/client/app-index.js:32
[    1258ms] [ERROR] Failed to load resource: the server responded with a status of 400 () @ https://clerk.greentryst.com/v1/client?__clerk_api_version=2025-11-10&_clerk_js_version=5.125.7:0
[    1259ms] [ERROR] e: Clerk: Production Keys are only allowed for domain "greentryst.com". 
API Error: The Request HTTP Origin header must be equal to or a subdomain of the requesting URL.
    at https://clerk.greentryst.com/npm/@clerk/clerk-js@5/dist/clerk.browser.js:2:7182
    at u._baseFetch (https://clerk.greentryst.com/npm/@clerk/clerk-js@5/dist/clerk.browser.js:3:38)
    at async d.execute (https://clerk.greentryst.com/npm/@clerk/clerk-js@5/dist/clerk.browser.js:2:5226)
    at async s._baseGet (https://clerk.greentryst.com/npm/@clerk/clerk-js@5/dist/clerk.browser.js:3:567)
    at async Promise.all (index 1)
    at async #U (https://clerk.greentryst.com/npm/@clerk/clerk-js@5/dist/clerk.browser.js:5:73541)
    at async e5.load (https://clerk.greentryst.com/npm/@clerk/clerk-js@5/dist/clerk.browser.js:5:34322)
    at async _IsomorphicClerk.loadClerkJS (webpack-internal:///(app-pages-browser)/./node_modules/@clerk/clerk-react/dist/index.mjs:1746:9) @ webpack-internal:///(app-pages-browser)/./node_modules/next/dist/client/app-index.js:32
[  371485ms] [LOG] [Fast Refresh] rebuilding @ webpack-internal:///(app-pages-browser)/./node_modules/next/dist/client/components/react-dev-overlay/app/hot-reloader-client.js:186
[  373702ms] [LOG] [Fast Refresh] done in 2221ms @ webpack-internal:///(app-pages-browser)/./node_modules/next/dist/client/components/react-dev-overlay/app/hot-reloader-client.js:43
[  374135ms] Error: Event handlers cannot be passed to Client Component props.
  <form onSubmit={function onSubmit} className=... children=...>
                 ^^^^^^^^^^^^^^^^^^^
If you need interactivity, consider converting part of this to a Client Component.
    at eF (/Users/knowprajjwal/LearningPlatform/node_modules/next/dist/compiled/next-server/app-page.runtime.dev.js:35:272472)
    at /Users/knowprajjwal/LearningPlatform/node_modules/next/dist/compiled/next-server/app-page.runtime.dev.js:35:266015
    at Object.toJSON (/Users/knowprajjwal/LearningPlatform/node_modules/next/dist/compiled/next-server/app-page.runtime.dev.js:35:266479)
    at stringify (<anonymous>)
    at eq (/Users/knowprajjwal/LearningPlatform/node_modules/next/dist/compiled/next-server/app-page.runtime.dev.js:35:274847)
    at ej (/Users/knowprajjwal/LearningPlatform/node_modules/next/dist/compiled/next-server/app-page.runtime.dev.js:35:264992)
    at e_ (/Users/knowprajjwal/LearningPlatform/node_modules/next/dist/compiled/next-server/app-page.runtime.dev.js:35:264034)
    at e (/Users/knowprajjwal/LearningPlatform/node_modules/next/dist/compiled/next-server/app-page.runtime.dev.js:35:268296)
    at eF (/Users/knowprajjwal/LearningPlatform/node_modules/next/dist/compiled/next-server/app-page.runtime.dev.js:35:268784)
    at /Users/knowprajjwal/LearningPlatform/node_modules/next/dist/compiled/next-server/app-page.runtime.dev.js:35:266015
    at Array.toJSON (/Users/knowprajjwal/LearningPlatform/node_modules/next/dist/compiled/next-server/app-page.runtime.dev.js:35:266479)
    at stringify (<anonymous>)
    at eq (/Users/knowprajjwal/LearningPlatform/node_modules/next/dist/compiled/next-server/app-page.runtime.dev.js:35:274847)
    at ej (/Users/knowprajjwal/LearningPlatform/node_modules/next/dist/compiled/next-server/app-page.runtime.dev.js:35:264992)
    at e_ (/Users/knowprajjwal/LearningPlatform/node_modules/next/dist/compiled/next-server/app-page.runtime.dev.js:35:264034)
    at e (/Users/knowprajjwal/LearningPlatform/node_modules/next/dist/compiled/next-server/app-page.runtime.dev.js:35:268296)
    at eF (/Users/knowprajjwal/LearningPlatform/node_modules/next/dist/compiled/next-server/app-page.runtime.dev.js:35:268784)
    at /Users/knowprajjwal/LearningPlatform/node_modules/next/dist/compiled/next-server/app-page.runtime.dev.js:35:266015
    at Array.toJSON (/Users/knowprajjwal/LearningPlatform/node_modules/next/dist/compiled/next-server/app-page.runtime.dev.js:35:266479)
    at stringify (<anonymous>)
    at eq (/Users/knowprajjwal/LearningPlatform/node_modules/next/dist/compiled/next-server/app-page.runtime.dev.js:35:274847)
    at eJ (/Users/knowprajjwal/LearningPlatform/node_modules/next/dist/compiled/next-server/app-page.runtime.dev.js:35:275365)
    at AsyncLocalStorage.run (node:internal/async_local_storage/async_hooks:91:14)
    at Timeout._onTimeout (/Users/knowprajjwal/LearningPlatform/node_modules/next/dist/compiled/next-server/app-page.runtime.dev.js:35:283454)
    at listOnTimeout (node:internal/timers:588:17)
    at process.processTimers (node:internal/timers:523:7)
[  374147ms] Error: Event handlers cannot be passed to Client Component props.
  <form onSubmit={function onSubmit} className=... children=...>
                 ^^^^^^^^^^^^^^^^^^^
If you need interactivity, consider converting part of this to a Client Component.
    at eF (/Users/knowprajjwal/LearningPlatform/node_modules/next/dist/compiled/next-server/app-page.runtime.dev.js:35:272472)
    at /Users/knowprajjwal/LearningPlatform/node_modules/next/dist/compiled/next-server/app-page.runtime.dev.js:35:266015
    at Object.toJSON (/Users/knowprajjwal/LearningPlatform/node_modules/next/dist/compiled/next-server/app-page.runtime.dev.js:35:266479)
    at stringify (<anonymous>)
    at eq (/Users/knowprajjwal/LearningPlatform/node_modules/next/dist/compiled/next-server/app-page.runtime.dev.js:35:274847)
    at ej (/Users/knowprajjwal/LearningPlatform/node_modules/next/dist/compiled/next-server/app-page.runtime.dev.js:35:264992)
    at e_ (/Users/knowprajjwal/LearningPlatform/node_modules/next/dist/compiled/next-server/app-page.runtime.dev.js:35:264034)
    at e (/Users/knowprajjwal/LearningPlatform/node_modules/next/dist/compiled/next-server/app-page.runtime.dev.js:35:268296)
    at eF (/Users/knowprajjwal/LearningPlatform/node_modules/next/dist/compiled/next-server/app-page.runtime.dev.js:35:268784)
    at /Users/knowprajjwal/LearningPlatform/node_modules/next/dist/compiled/next-server/app-page.runtime.dev.js:35:266015
    at Array.toJSON (/Users/knowprajjwal/LearningPlatform/node_modules/next/dist/compiled/next-server/app-page.runtime.dev.js:35:266479)
    at stringify (<anonymous>)
    at eq (/Users/knowprajjwal/LearningPlatform/node_modules/next/dist/compiled/next-server/app-page.runtime.dev.js:35:274847)
    at ej (/Users/knowprajjwal/LearningPlatform/node_modules/next/dist/compiled/next-server/app-page.runtime.dev.js:35:264992)
    at e_ (/Users/knowprajjwal/LearningPlatform/node_modules/next/dist/compiled/next-server/app-page.runtime.dev.js:35:264034)
    at e (/Users/knowprajjwal/LearningPlatform/node_modules/next/dist/compiled/next-server/app-page.runtime.dev.js:35:268296)
    at eF (/Users/knowprajjwal/LearningPlatform/node_modules/next/dist/compiled/next-server/app-page.runtime.dev.js:35:268784)
    at /Users/knowprajjwal/LearningPlatform/node_modules/next/dist/compiled/next-server/app-page.runtime.dev.js:35:266015
    at Array.toJSON (/Users/knowprajjwal/LearningPlatform/node_modules/next/dist/compiled/next-server/app-page.runtime.dev.js:35:266479)
    at stringify (<anonymous>)
    at eq (/Users/knowprajjwal/LearningPlatform/node_modules/next/dist/compiled/next-server/app-page.runtime.dev.js:35:274847)
    at eJ (/Users/knowprajjwal/LearningPlatform/node_modules/next/dist/compiled/next-server/app-page.runtime.dev.js:35:275365)
    at AsyncLocalStorage.run (node:internal/async_local_storage/async_hooks:91:14)
    at Timeout._onTimeout (/Users/knowprajjwal/LearningPlatform/node_modules/next/dist/compiled/next-server/app-page.runtime.dev.js:35:283454)
    at listOnTimeout (node:internal/timers:588:17)
    at process.processTimers (node:internal/timers:523:7)
[  374149ms] Error: Event handlers cannot be passed to Client Component props.
  <form onSubmit={function onSubmit} className=... children=...>
                 ^^^^^^^^^^^^^^^^^^^
If you need interactivity, consider converting part of this to a Client Component.
    at eF (/Users/knowprajjwal/LearningPlatform/node_modules/next/dist/compiled/next-server/app-page.runtime.dev.js:35:272472)
    at /Users/knowprajjwal/LearningPlatform/node_modules/next/dist/compiled/next-server/app-page.runtime.dev.js:35:266015
    at Object.toJSON (/Users/knowprajjwal/LearningPlatform/node_modules/next/dist/compiled/next-server/app-page.runtime.dev.js:35:266479)
    at stringify (<anonymous>)
    at eq (/Users/knowprajjwal/LearningPlatform/node_modules/next/dist/compiled/next-server/app-page.runtime.dev.js:35:274847)
    at ej (/Users/knowprajjwal/LearningPlatform/node_modules/next/dist/compiled/next-server/app-page.runtime.dev.js:35:264992)
    at e_ (/Users/knowprajjwal/LearningPlatform/node_modules/next/dist/compiled/next-server/app-page.runtime.dev.js:35:264034)
    at e (/Users/knowprajjwal/LearningPlatform/node_modules/next/dist/compiled/next-server/app-page.runtime.dev.js:35:268296)
    at eF (/Users/knowprajjwal/LearningPlatform/node_modules/next/dist/compiled/next-server/app-page.runtime.dev.js:35:268784)
    at /Users/knowprajjwal/LearningPlatform/node_modules/next/dist/compiled/next-server/app-page.runtime.dev.js:35:266015
    at Array.toJSON (/Users/knowprajjwal/LearningPlatform/node_modules/next/dist/compiled/next-server/app-page.runtime.dev.js:35:266479)
    at stringify (<anonymous>)
    at eq (/Users/knowprajjwal/LearningPlatform/node_modules/next/dist/compiled/next-server/app-page.runtime.dev.js:35:274847)
    at ej (/Users/knowprajjwal/LearningPlatform/node_modules/next/dist/compiled/next-server/app-page.runtime.dev.js:35:264992)
    at e_ (/Users/knowprajjwal/LearningPlatform/node_modules/next/dist/compiled/next-server/app-page.runtime.dev.js:35:264034)
    at e (/Users/knowprajjwal/LearningPlatform/node_modules/next/dist/compiled/next-server/app-page.runtime.dev.js:35:268296)
    at eF (/Users/knowprajjwal/LearningPlatform/node_modules/next/dist/compiled/next-server/app-page.runtime.dev.js:35:268784)
    at /Users/knowprajjwal/LearningPlatform/node_modules/next/dist/compiled/next-server/app-page.runtime.dev.js:35:266015
    at Array.toJSON (/Users/knowprajjwal/LearningPlatform/node_modules/next/dist/compiled/next-server/app-page.runtime.dev.js:35:266479)
    at stringify (<anonymous>)
    at eq (/Users/knowprajjwal/LearningPlatform/node_modules/next/dist/compiled/next-server/app-page.runtime.dev.js:35:274847)
    at eJ (/Users/knowprajjwal/LearningPlatform/node_modules/next/dist/compiled/next-server/app-page.runtime.dev.js:35:275365)
    at AsyncLocalStorage.run (node:internal/async_local_storage/async_hooks:91:14)
    at Timeout._onTimeout (/Users/knowprajjwal/LearningPlatform/node_modules/next/dist/compiled/next-server/app-page.runtime.dev.js:35:283454)
    at listOnTimeout (node:internal/timers:588:17)
    at process.processTimers (node:internal/timers:523:7)
[  374149ms] Error: Event handlers cannot be passed to Client Component props.
  <form onSubmit={function onSubmit} className=... children=...>
                 ^^^^^^^^^^^^^^^^^^^
If you need interactivity, consider converting part of this to a Client Component.
    at eF (/Users/knowprajjwal/LearningPlatform/node_modules/next/dist/compiled/next-server/app-page.runtime.dev.js:35:272472)
    at /Users/knowprajjwal/LearningPlatform/node_modules/next/dist/compiled/next-server/app-page.runtime.dev.js:35:266015
    at Object.toJSON (/Users/knowprajjwal/LearningPlatform/node_modules/next/dist/compiled/next-server/app-page.runtime.dev.js:35:266479)
    at stringify (<anonymous>)
    at eq (/Users/knowprajjwal/LearningPlatform/node_modules/next/dist/compiled/next-server/app-page.runtime.dev.js:35:274847)
    at ej (/Users/knowprajjwal/LearningPlatform/node_modules/next/dist/compiled/next-server/app-page.runtime.dev.js:35:264992)
    at e_ (/Users/knowprajjwal/LearningPlatform/node_modules/next/dist/compiled/next-server/app-page.runtime.dev.js:35:264034)
    at e (/Users/knowprajjwal/LearningPlatform/node_modules/next/dist/compiled/next-server/app-page.runtime.dev.js:35:268296)
    at eF (/Users/knowprajjwal/LearningPlatform/node_modules/next/dist/compiled/next-server/app-page.runtime.dev.js:35:268784)
    at /Users/knowprajjwal/LearningPlatform/node_modules/next/dist/compiled/next-server/app-page.runtime.dev.js:35:266015
    at Array.toJSON (/Users/knowprajjwal/LearningPlatform/node_modules/next/dist/compiled/next-server/app-page.runtime.dev.js:35:266479)
    at stringify (<anonymous>)
    at eq (/Users/knowprajjwal/LearningPlatform/node_modules/next/dist/compiled/next-server/app-page.runtime.dev.js:35:274847)
    at ej (/Users/knowprajjwal/LearningPlatform/node_modules/next/dist/compiled/next-server/app-page.runtime.dev.js:35:264992)
    at e_ (/Users/knowprajjwal/LearningPlatform/node_modules/next/dist/compiled/next-server/app-page.runtime.dev.js:35:264034)
    at e (/Users/knowprajjwal/LearningPlatform/node_modules/next/dist/compiled/next-server/app-page.runtime.dev.js:35:268296)
    at eF (/Users/knowprajjwal/LearningPlatform/node_modules/next/dist/compiled/next-server/app-page.runtime.dev.js:35:268784)
    at /Users/knowprajjwal/LearningPlatform/node_modules/next/dist/compiled/next-server/app-page.runtime.dev.js:35:266015
    at Array.toJSON (/Users/knowprajjwal/LearningPlatform/node_modules/next/dist/compiled/next-server/app-page.runtime.dev.js:35:266479)
    at stringify (<anonymous>)
    at eq (/Users/knowprajjwal/LearningPlatform/node_modules/next/dist/compiled/next-server/app-page.runtime.dev.js:35:274847)
    at eJ (/Users/knowprajjwal/LearningPlatform/node_modules/next/dist/compiled/next-server/app-page.runtime.dev.js:35:275365)
    at AsyncLocalStorage.run (node:internal/async_local_storage/async_hooks:91:14)
    at Timeout._onTimeout (/Users/knowprajjwal/LearningPlatform/node_modules/next/dist/compiled/next-server/app-page.runtime.dev.js:35:283454)
    at listOnTimeout (node:internal/timers:588:17)
    at process.processTimers (node:internal/timers:523:7)
[  374151ms] Error: Event handlers cannot be passed to Client Component props.
  <form onSubmit={function onSubmit} className=... children=...>
                 ^^^^^^^^^^^^^^^^^^^
If you need interactivity, consider converting part of this to a Client Component.
    at eF (/Users/knowprajjwal/LearningPlatform/node_modules/next/dist/compiled/next-server/app-page.runtime.dev.js:35:272472)
    at /Users/knowprajjwal/LearningPlatform/node_modules/next/dist/compiled/next-server/app-page.runtime.dev.js:35:266015
    at Object.toJSON (/Users/knowprajjwal/LearningPlatform/node_modules/next/dist/compiled/next-server/app-page.runtime.dev.js:35:266479)
    at stringify (<anonymous>)
    at eq (/Users/knowprajjwal/LearningPlatform/node_modules/next/dist/compiled/next-server/app-page.runtime.dev.js:35:274847)
    at ej (/Users/knowprajjwal/LearningPlatform/node_modules/next/dist/compiled/next-server/app-page.runtime.dev.js:35:264992)
    at e_ (/Users/knowprajjwal/LearningPlatform/node_modules/next/dist/compiled/next-server/app-page.runtime.dev.js:35:264034)
    at e (/Users/knowprajjwal/LearningPlatform/node_modules/next/dist/compiled/next-server/app-page.runtime.dev.js:35:268296)
    at eF (/Users/knowprajjwal/LearningPlatform/node_modules/next/dist/compiled/next-server/app-page.runtime.dev.js:35:268784)
    at /Users/knowprajjwal/LearningPlatform/node_modules/next/dist/compiled/next-server/app-page.runtime.dev.js:35:266015
    at Array.toJSON (/Users/knowprajjwal/LearningPlatform/node_modules/next/dist/compiled/next-server/app-page.runtime.dev.js:35:266479)
    at stringify (<anonymous>)
    at eq (/Users/knowprajjwal/LearningPlatform/node_modules/next/dist/compiled/next-server/app-page.runtime.dev.js:35:274847)
    at ej (/Users/knowprajjwal/LearningPlatform/node_modules/next/dist/compiled/next-server/app-page.runtime.dev.js:35:264992)
    at e_ (/Users/knowprajjwal/LearningPlatform/node_modules/next/dist/compiled/next-server/app-page.runtime.dev.js:35:264034)
    at e (/Users/knowprajjwal/LearningPlatform/node_modules/next/dist/compiled/next-server/app-page.runtime.dev.js:35:268296)
    at eF (/Users/knowprajjwal/LearningPlatform/node_modules/next/dist/compiled/next-server/app-page.runtime.dev.js:35:268784)
    at /Users/knowprajjwal/LearningPlatform/node_modules/next/dist/compiled/next-server/app-page.runtime.dev.js:35:266015
    at Array.toJSON (/Users/knowprajjwal/LearningPlatform/node_modules/next/dist/compiled/next-server/app-page.runtime.dev.js:35:266479)
    at stringify (<anonymous>)
    at eq (/Users/knowprajjwal/LearningPlatform/node_modules/next/dist/compiled/next-server/app-page.runtime.dev.js:35:274847)
    at eJ (/Users/knowprajjwal/LearningPlatform/node_modules/next/dist/compiled/next-server/app-page.runtime.dev.js:35:275365)
    at AsyncLocalStorage.run (node:internal/async_local_storage/async_hooks:91:14)
    at Timeout._onTimeout (/Users/knowprajjwal/LearningPlatform/node_modules/next/dist/compiled/next-server/app-page.runtime.dev.js:35:283454)
    at listOnTimeout (node:internal/timers:588:17)
    at process.processTimers (node:internal/timers:523:7)
[  374152ms] Error: Event handlers cannot be passed to Client Component props.
  <form onSubmit={function onSubmit} className=... children=...>
                 ^^^^^^^^^^^^^^^^^^^
If you need interactivity, consider converting part of this to a Client Component.
    at eF (/Users/knowprajjwal/LearningPlatform/node_modules/next/dist/compiled/next-server/app-page.runtime.dev.js:35:272472)
    at /Users/knowprajjwal/LearningPlatform/node_modules/next/dist/compiled/next-server/app-page.runtime.dev.js:35:266015
    at Object.toJSON (/Users/knowprajjwal/LearningPlatform/node_modules/next/dist/compiled/next-server/app-page.runtime.dev.js:35:266479)
    at stringify (<anonymous>)
    at eq (/Users/knowprajjwal/LearningPlatform/node_modules/next/dist/compiled/next-server/app-page.runtime.dev.js:35:274847)
    at ej (/Users/knowprajjwal/LearningPlatform/node_modules/next/dist/compiled/next-server/app-page.runtime.dev.js:35:264992)
    at e_ (/Users/knowprajjwal/LearningPlatform/node_modules/next/dist/compiled/next-server/app-page.runtime.dev.js:35:264034)
    at e (/Users/knowprajjwal/LearningPlatform/node_modules/next/dist/compiled/next-server/app-page.runtime.dev.js:35:268296)
    at eF (/Users/knowprajjwal/LearningPlatform/node_modules/next/dist/compiled/next-server/app-page.runtime.dev.js:35:268784)
    at /Users/knowprajjwal/LearningPlatform/node_modules/next/dist/compiled/next-server/app-page.runtime.dev.js:35:266015
    at Array.toJSON (/Users/knowprajjwal/LearningPlatform/node_modules/next/dist/compiled/next-server/app-page.runtime.dev.js:35:266479)
    at stringify (<anonymous>)
    at eq (/Users/knowprajjwal/LearningPlatform/node_modules/next/dist/compiled/next-server/app-page.runtime.dev.js:35:274847)
    at ej (/Users/knowprajjwal/LearningPlatform/node_modules/next/dist/compiled/next-server/app-page.runtime.dev.js:35:264992)
    at e_ (/Users/knowprajjwal/LearningPlatform/node_modules/next/dist/compiled/next-server/app-page.runtime.dev.js:35:264034)
    at e (/Users/knowprajjwal/LearningPlatform/node_modules/next/dist/compiled/next-server/app-page.runtime.dev.js:35:268296)
    at eF (/Users/knowprajjwal/LearningPlatform/node_modules/next/dist/compiled/next-server/app-page.runtime.dev.js:35:268784)
    at /Users/knowprajjwal/LearningPlatform/node_modules/next/dist/compiled/next-server/app-page.runtime.dev.js:35:266015
    at Array.toJSON (/Users/knowprajjwal/LearningPlatform/node_modules/next/dist/compiled/next-server/app-page.runtime.dev.js:35:266479)
    at stringify (<anonymous>)
    at eq (/Users/knowprajjwal/LearningPlatform/node_modules/next/dist/compiled/next-server/app-page.runtime.dev.js:35:274847)
    at eJ (/Users/knowprajjwal/LearningPlatform/node_modules/next/dist/compiled/next-server/app-page.runtime.dev.js:35:275365)
    at AsyncLocalStorage.run (node:internal/async_local_storage/async_hooks:91:14)
    at Timeout._onTimeout (/Users/knowprajjwal/LearningPlatform/node_modules/next/dist/compiled/next-server/app-page.runtime.dev.js:35:283454)
    at listOnTimeout (node:internal/timers:588:17)
    at process.processTimers (node:internal/timers:523:7)
[  374153ms] Error: Event handlers cannot be passed to Client Component props.
  <form onSubmit={function onSubmit} className=... children=...>
                 ^^^^^^^^^^^^^^^^^^^
If you need interactivity, consider converting part of this to a Client Component.
    at eF (/Users/knowprajjwal/LearningPlatform/node_modules/next/dist/compiled/next-server/app-page.runtime.dev.js:35:272472)
    at /Users/knowprajjwal/LearningPlatform/node_modules/next/dist/compiled/next-server/app-page.runtime.dev.js:35:266015
    at Object.toJSON (/Users/knowprajjwal/LearningPlatform/node_modules/next/dist/compiled/next-server/app-page.runtime.dev.js:35:266479)
    at stringify (<anonymous>)
    at eq (/Users/knowprajjwal/LearningPlatform/node_modules/next/dist/compiled/next-server/app-page.runtime.dev.js:35:274847)
    at ej (/Users/knowprajjwal/LearningPlatform/node_modules/next/dist/compiled/next-server/app-page.runtime.dev.js:35:264992)
    at e_ (/Users/knowprajjwal/LearningPlatform/node_modules/next/dist/compiled/next-server/app-page.runtime.dev.js:35:264034)
    at e (/Users/knowprajjwal/LearningPlatform/node_modules/next/dist/compiled/next-server/app-page.runtime.dev.js:35:268296)
    at eF (/Users/knowprajjwal/LearningPlatform/node_modules/next/dist/compiled/next-server/app-page.runtime.dev.js:35:268784)
    at /Users/knowprajjwal/LearningPlatform/node_modules/next/dist/compiled/next-server/app-page.runtime.dev.js:35:266015
    at Array.toJSON (/Users/knowprajjwal/LearningPlatform/node_modules/next/dist/compiled/next-server/app-page.runtime.dev.js:35:266479)
    at stringify (<anonymous>)
    at eq (/Users/knowprajjwal/LearningPlatform/node_modules/next/dist/compiled/next-server/app-page.runtime.dev.js:35:274847)
    at ej (/Users/knowprajjwal/LearningPlatform/node_modules/next/dist/compiled/next-server/app-page.runtime.dev.js:35:264992)
    at e_ (/Users/knowprajjwal/LearningPlatform/node_modules/next/dist/compiled/next-server/app-page.runtime.dev.js:35:264034)
    at e (/Users/knowprajjwal/LearningPlatform/node_modules/next/dist/compiled/next-server/app-page.runtime.dev.js:35:268296)
    at eF (/Users/knowprajjwal/LearningPlatform/node_modules/next/dist/compiled/next-server/app-page.runtime.dev.js:35:268784)
    at /Users/knowprajjwal/LearningPlatform/node_modules/next/dist/compiled/next-server/app-page.runtime.dev.js:35:266015
    at Array.toJSON (/Users/knowprajjwal/LearningPlatform/node_modules/next/dist/compiled/next-server/app-page.runtime.dev.js:35:266479)
    at stringify (<anonymous>)
    at eq (/Users/knowprajjwal/LearningPlatform/node_modules/next/dist/compiled/next-server/app-page.runtime.dev.js:35:274847)
    at eJ (/Users/knowprajjwal/LearningPlatform/node_modules/next/dist/compiled/next-server/app-page.runtime.dev.js:35:275365)
    at AsyncLocalStorage.run (node:internal/async_local_storage/async_hooks:91:14)
    at Timeout._onTimeout (/Users/knowprajjwal/LearningPlatform/node_modules/next/dist/compiled/next-server/app-page.runtime.dev.js:35:283454)
    at listOnTimeout (node:internal/timers:588:17)
    at process.processTimers (node:internal/timers:523:7)
[  374153ms] Error: Event handlers cannot be passed to Client Component props.
  <form onSubmit={function onSubmit} className=... children=...>
                 ^^^^^^^^^^^^^^^^^^^
If you need interactivity, consider converting part of this to a Client Component.
    at eF (/Users/knowprajjwal/LearningPlatform/node_modules/next/dist/compiled/next-server/app-page.runtime.dev.js:35:272472)
    at /Users/knowprajjwal/LearningPlatform/node_modules/next/dist/compiled/next-server/app-page.runtime.dev.js:35:266015
    at Object.toJSON (/Users/knowprajjwal/LearningPlatform/node_modules/next/dist/compiled/next-server/app-page.runtime.dev.js:35:266479)
    at stringify (<anonymous>)
    at eq (/Users/knowprajjwal/LearningPlatform/node_modules/next/dist/compiled/next-server/app-page.runtime.dev.js:35:274847)
    at ej (/Users/knowprajjwal/LearningPlatform/node_modules/next/dist/compiled/next-server/app-page.runtime.dev.js:35:264992)
    at e_ (/Users/knowprajjwal/LearningPlatform/node_modules/next/dist/compiled/next-server/app-page.runtime.dev.js:35:264034)
    at e (/Users/knowprajjwal/LearningPlatform/node_modules/next/dist/compiled/next-server/app-page.runtime.dev.js:35:268296)
    at eF (/Users/knowprajjwal/LearningPlatform/node_modules/next/dist/compiled/next-server/app-page.runtime.dev.js:35:268784)
    at /Users/knowprajjwal/LearningPlatform/node_modules/next/dist/compiled/next-server/app-page.runtime.dev.js:35:266015
    at Array.toJSON (/Users/knowprajjwal/LearningPlatform/node_modules/next/dist/compiled/next-server/app-page.runtime.dev.js:35:266479)
    at stringify (<anonymous>)
    at eq (/Users/knowprajjwal/LearningPlatform/node_modules/next/dist/compiled/next-server/app-page.runtime.dev.js:35:274847)
    at ej (/Users/knowprajjwal/LearningPlatform/node_modules/next/dist/compiled/next-server/app-page.runtime.dev.js:35:264992)
    at e_ (/Users/knowprajjwal/LearningPlatform/node_modules/next/dist/compiled/next-server/app-page.runtime.dev.js:35:264034)
    at e (/Users/knowprajjwal/LearningPlatform/node_modules/next/dist/compiled/next-server/app-page.runtime.dev.js:35:268296)
    at eF (/Users/knowprajjwal/LearningPlatform/node_modules/next/dist/compiled/next-server/app-page.runtime.dev.js:35:268784)
    at /Users/knowprajjwal/LearningPlatform/node_modules/next/dist/compiled/next-server/app-page.runtime.dev.js:35:266015
    at Array.toJSON (/Users/knowprajjwal/LearningPlatform/node_modules/next/dist/compiled/next-server/app-page.runtime.dev.js:35:266479)
    at stringify (<anonymous>)
    at eq (/Users/knowprajjwal/LearningPlatform/node_modules/next/dist/compiled/next-server/app-page.runtime.dev.js:35:274847)
    at eJ (/Users/knowprajjwal/LearningPlatform/node_modules/next/dist/compiled/next-server/app-page.runtime.dev.js:35:275365)
    at AsyncLocalStorage.run (node:internal/async_local_storage/async_hooks:91:14)
    at Timeout._onTimeout (/Users/knowprajjwal/LearningPlatform/node_modules/next/dist/compiled/next-server/app-page.runtime.dev.js:35:283454)
    at listOnTimeout (node:internal/timers:588:17)
    at process.processTimers (node:internal/timers:523:7)
[  374154ms] Error: Event handlers cannot be passed to Client Component props.
  <form onSubmit={function onSubmit} className=... children=...>
                 ^^^^^^^^^^^^^^^^^^^
If you need interactivity, consider converting part of this to a Client Component.
    at eF (/Users/knowprajjwal/LearningPlatform/node_modules/next/dist/compiled/next-server/app-page.runtime.dev.js:35:272472)
    at /Users/knowprajjwal/LearningPlatform/node_modules/next/dist/compiled/next-server/app-page.runtime.dev.js:35:266015
    at Object.toJSON (/Users/knowprajjwal/LearningPlatform/node_modules/next/dist/compiled/next-server/app-page.runtime.dev.js:35:266479)
    at stringify (<anonymous>)
    at eq (/Users/knowprajjwal/LearningPlatform/node_modules/next/dist/compiled/next-server/app-page.runtime.dev.js:35:274847)
    at ej (/Users/knowprajjwal/LearningPlatform/node_modules/next/dist/compiled/next-server/app-page.runtime.dev.js:35:264992)
    at e_ (/Users/knowprajjwal/LearningPlatform/node_modules/next/dist/compiled/next-server/app-page.runtime.dev.js:35:264034)
    at e (/Users/knowprajjwal/LearningPlatform/node_modules/next/dist/compiled/next-server/app-page.runtime.dev.js:35:268296)
    at eF (/Users/knowprajjwal/LearningPlatform/node_modules/next/dist/compiled/next-server/app-page.runtime.dev.js:35:268784)
    at /Users/knowprajjwal/LearningPlatform/node_modules/next/dist/compiled/next-server/app-page.runtime.dev.js:35:266015
    at Array.toJSON (/Users/knowprajjwal/LearningPlatform/node_modules/next/dist/compiled/next-server/app-page.runtime.dev.js:35:266479)
    at stringify (<anonymous>)
    at eq (/Users/knowprajjwal/LearningPlatform/node_modules/next/dist/compiled/next-server/app-page.runtime.dev.js:35:274847)
    at ej (/Users/knowprajjwal/LearningPlatform/node_modules/next/dist/compiled/next-server/app-page.runtime.dev.js:35:264992)
    at e_ (/Users/knowprajjwal/LearningPlatform/node_modules/next/dist/compiled/next-server/app-page.runtime.dev.js:35:264034)
    at e (/Users/knowprajjwal/LearningPlatform/node_modules/next/dist/compiled/next-server/app-page.runtime.dev.js:35:268296)
    at eF (/Users/knowprajjwal/LearningPlatform/node_modules/next/dist/compiled/next-server/app-page.runtime.dev.js:35:268784)
    at /Users/knowprajjwal/LearningPlatform/node_modules/next/dist/compiled/next-server/app-page.runtime.dev.js:35:266015
    at Array.toJSON (/Users/knowprajjwal/LearningPlatform/node_modules/next/dist/compiled/next-server/app-page.runtime.dev.js:35:266479)
    at stringify (<anonymous>)
    at eq (/Users/knowprajjwal/LearningPlatform/node_modules/next/dist/compiled/next-server/app-page.runtime.dev.js:35:274847)
    at eJ (/Users/knowprajjwal/LearningPlatform/node_modules/next/dist/compiled/next-server/app-page.runtime.dev.js:35:275365)
    at AsyncLocalStorage.run (node:internal/async_local_storage/async_hooks:91:14)
    at Timeout._onTimeout (/Users/knowprajjwal/LearningPlatform/node_modules/next/dist/compiled/next-server/app-page.runtime.dev.js:35:283454)
    at listOnTimeout (node:internal/timers:588:17)
    at process.processTimers (node:internal/timers:523:7)
[  374154ms] Error: Event handlers cannot be passed to Client Component props.
  <form onSubmit={function onSubmit} className=... children=...>
                 ^^^^^^^^^^^^^^^^^^^
If you need interactivity, consider converting part of this to a Client Component.
    at eF (/Users/knowprajjwal/LearningPlatform/node_modules/next/dist/compiled/next-server/app-page.runtime.dev.js:35:272472)
    at /Users/knowprajjwal/LearningPlatform/node_modules/next/dist/compiled/next-server/app-page.runtime.dev.js:35:266015
    at Object.toJSON (/Users/knowprajjwal/LearningPlatform/node_modules/next/dist/compiled/next-server/app-page.runtime.dev.js:35:266479)
    at stringify (<anonymous>)
    at eq (/Users/knowprajjwal/LearningPlatform/node_modules/next/dist/compiled/next-server/app-page.runtime.dev.js:35:274847)
    at ej (/Users/knowprajjwal/LearningPlatform/node_modules/next/dist/compiled/next-server/app-page.runtime.dev.js:35:264992)
    at e_ (/Users/knowprajjwal/LearningPlatform/node_modules/next/dist/compiled/next-server/app-page.runtime.dev.js:35:264034)
    at e (/Users/knowprajjwal/LearningPlatform/node_modules/next/dist/compiled/next-server/app-page.runtime.dev.js:35:268296)
    at eF (/Users/knowprajjwal/LearningPlatform/node_modules/next/dist/compiled/next-server/app-page.runtime.dev.js:35:268784)
    at /Users/knowprajjwal/LearningPlatform/node_modules/next/dist/compiled/next-server/app-page.runtime.dev.js:35:266015
    at Array.toJSON (/Users/knowprajjwal/LearningPlatform/node_modules/next/dist/compiled/next-server/app-page.runtime.dev.js:35:266479)
    at stringify (<anonymous>)
    at eq (/Users/knowprajjwal/LearningPlatform/node_modules/next/dist/compiled/next-server/app-page.runtime.dev.js:35:274847)
    at ej (/Users/knowprajjwal/LearningPlatform/node_modules/next/dist/compiled/next-server/app-page.runtime.dev.js:35:264992)
    at e_ (/Users/knowprajjwal/LearningPlatform/node_modules/next/dist/compiled/next-server/app-page.runtime.dev.js:35:264034)
    at e (/Users/knowprajjwal/LearningPlatform/node_modules/next/dist/compiled/next-server/app-page.runtime.dev.js:35:268296)
    at eF (/Users/knowprajjwal/LearningPlatform/node_modules/next/dist/compiled/next-server/app-page.runtime.dev.js:35:268784)
    at /Users/knowprajjwal/LearningPlatform/node_modules/next/dist/compiled/next-server/app-page.runtime.dev.js:35:266015
    at Array.toJSON (/Users/knowprajjwal/LearningPlatform/node_modules/next/dist/compiled/next-server/app-page.runtime.dev.js:35:266479)
    at stringify (<anonymous>)
    at eq (/Users/knowprajjwal/LearningPlatform/node_modules/next/dist/compiled/next-server/app-page.runtime.dev.js:35:274847)
    at eJ (/Users/knowprajjwal/LearningPlatform/node_modules/next/dist/compiled/next-server/app-page.runtime.dev.js:35:275365)
    at AsyncLocalStorage.run (node:internal/async_local_storage/async_hooks:91:14)
    at Timeout._onTimeout (/Users/knowprajjwal/LearningPlatform/node_modules/next/dist/compiled/next-server/app-page.runtime.dev.js:35:283454)
    at listOnTimeout (node:internal/timers:588:17)
    at process.processTimers (node:internal/timers:523:7)
[  374155ms] Error: Event handlers cannot be passed to Client Component props.
  <form onSubmit={function onSubmit} className=... children=...>
                 ^^^^^^^^^^^^^^^^^^^
If you need interactivity, consider converting part of this to a Client Component.
    at eF (/Users/knowprajjwal/LearningPlatform/node_modules/next/dist/compiled/next-server/app-page.runtime.dev.js:35:272472)
    at /Users/knowprajjwal/LearningPlatform/node_modules/next/dist/compiled/next-server/app-page.runtime.dev.js:35:266015
    at Object.toJSON (/Users/knowprajjwal/LearningPlatform/node_modules/next/dist/compiled/next-server/app-page.runtime.dev.js:35:266479)
    at stringify (<anonymous>)
    at eq (/Users/knowprajjwal/LearningPlatform/node_modules/next/dist/compiled/next-server/app-page.runtime.dev.js:35:274847)
    at ej (/Users/knowprajjwal/LearningPlatform/node_modules/next/dist/compiled/next-server/app-page.runtime.dev.js:35:264992)
    at e_ (/Users/knowprajjwal/LearningPlatform/node_modules/next/dist/compiled/next-server/app-page.runtime.dev.js:35:264034)
    at e (/Users/knowprajjwal/LearningPlatform/node_modules/next/dist/compiled/next-server/app-page.runtime.dev.js:35:268296)
    at eF (/Users/knowprajjwal/LearningPlatform/node_modules/next/dist/compiled/next-server/app-page.runtime.dev.js:35:268784)
    at /Users/knowprajjwal/LearningPlatform/node_modules/next/dist/compiled/next-server/app-page.runtime.dev.js:35:266015
    at Array.toJSON (/Users/knowprajjwal/LearningPlatform/node_modules/next/dist/compiled/next-server/app-page.runtime.dev.js:35:266479)
    at stringify (<anonymous>)
    at eq (/Users/knowprajjwal/LearningPlatform/node_modules/next/dist/compiled/next-server/app-page.runtime.dev.js:35:274847)
    at ej (/Users/knowprajjwal/LearningPlatform/node_modules/next/dist/compiled/next-server/app-page.runtime.dev.js:35:264992)
    at e_ (/Users/knowprajjwal/LearningPlatform/node_modules/next/dist/compiled/next-server/app-page.runtime.dev.js:35:264034)
    at e (/Users/knowprajjwal/LearningPlatform/node_modules/next/dist/compiled/next-server/app-page.runtime.dev.js:35:268296)
    at eF (/Users/knowprajjwal/LearningPlatform/node_modules/next/dist/compiled/next-server/app-page.runtime.dev.js:35:268784)
    at /Users/knowprajjwal/LearningPlatform/node_modules/next/dist/compiled/next-server/app-page.runtime.dev.js:35:266015
    at Array.toJSON (/Users/knowprajjwal/LearningPlatform/node_modules/next/dist/compiled/next-server/app-page.runtime.dev.js:35:266479)
    at stringify (<anonymous>)
    at eq (/Users/knowprajjwal/LearningPlatform/node_modules/next/dist/compiled/next-server/app-page.runtime.dev.js:35:274847)
    at eJ (/Users/knowprajjwal/LearningPlatform/node_modules/next/dist/compiled/next-server/app-page.runtime.dev.js:35:275365)
    at AsyncLocalStorage.run (node:internal/async_local_storage/async_hooks:91:14)
    at Timeout._onTimeout (/Users/knowprajjwal/LearningPlatform/node_modules/next/dist/compiled/next-server/app-page.runtime.dev.js:35:283454)
    at listOnTimeout (node:internal/timers:588:17)
    at process.processTimers (node:internal/timers:523:7)
[  374157ms] Error: Event handlers cannot be passed to Client Component props.
  <form onSubmit={function onSubmit} className=... children=...>
                 ^^^^^^^^^^^^^^^^^^^
If you need interactivity, consider converting part of this to a Client Component.
    at eF (/Users/knowprajjwal/LearningPlatform/node_modules/next/dist/compiled/next-server/app-page.runtime.dev.js:35:272472)
    at /Users/knowprajjwal/LearningPlatform/node_modules/next/dist/compiled/next-server/app-page.runtime.dev.js:35:266015
    at Object.toJSON (/Users/knowprajjwal/LearningPlatform/node_modules/next/dist/compiled/next-server/app-page.runtime.dev.js:35:266479)
    at stringify (<anonymous>)
    at eq (/Users/knowprajjwal/LearningPlatform/node_modules/next/dist/compiled/next-server/app-page.runtime.dev.js:35:274847)
    at ej (/Users/knowprajjwal/LearningPlatform/node_modules/next/dist/compiled/next-server/app-page.runtime.dev.js:35:264992)
    at e_ (/Users/knowprajjwal/LearningPlatform/node_modules/next/dist/compiled/next-server/app-page.runtime.dev.js:35:264034)
    at e (/Users/knowprajjwal/LearningPlatform/node_modules/next/dist/compiled/next-server/app-page.runtime.dev.js:35:268296)
    at eF (/Users/knowprajjwal/LearningPlatform/node_modules/next/dist/compiled/next-server/app-page.runtime.dev.js:35:268784)
    at /Users/knowprajjwal/LearningPlatform/node_modules/next/dist/compiled/next-server/app-page.runtime.dev.js:35:266015
    at Array.toJSON (/Users/knowprajjwal/LearningPlatform/node_modules/next/dist/compiled/next-server/app-page.runtime.dev.js:35:266479)
    at stringify (<anonymous>)
    at eq (/Users/knowprajjwal/LearningPlatform/node_modules/next/dist/compiled/next-server/app-page.runtime.dev.js:35:274847)
    at ej (/Users/knowprajjwal/LearningPlatform/node_modules/next/dist/compiled/next-server/app-page.runtime.dev.js:35:264992)
    at e_ (/Users/knowprajjwal/LearningPlatform/node_modules/next/dist/compiled/next-server/app-page.runtime.dev.js:35:264034)
    at e (/Users/knowprajjwal/LearningPlatform/node_modules/next/dist/compiled/next-server/app-page.runtime.dev.js:35:268296)
    at eF (/Users/knowprajjwal/LearningPlatform/node_modules/next/dist/compiled/next-server/app-page.runtime.dev.js:35:268784)
    at /Users/knowprajjwal/LearningPlatform/node_modules/next/dist/compiled/next-server/app-page.runtime.dev.js:35:266015
    at Array.toJSON (/Users/knowprajjwal/LearningPlatform/node_modules/next/dist/compiled/next-server/app-page.runtime.dev.js:35:266479)
    at stringify (<anonymous>)
    at eq (/Users/knowprajjwal/LearningPlatform/node_modules/next/dist/compiled/next-server/app-page.runtime.dev.js:35:274847)
    at eJ (/Users/knowprajjwal/LearningPlatform/node_modules/next/dist/compiled/next-server/app-page.runtime.dev.js:35:275365)
    at AsyncLocalStorage.run (node:internal/async_local_storage/async_hooks:91:14)
    at Timeout._onTimeout (/Users/knowprajjwal/LearningPlatform/node_modules/next/dist/compiled/next-server/app-page.runtime.dev.js:35:283454)
    at listOnTimeout (node:internal/timers:588:17)
    at process.processTimers (node:internal/timers:523:7)
[  374157ms] Error: Event handlers cannot be passed to Client Component props.
  <form onSubmit={function onSubmit} className=... children=...>
                 ^^^^^^^^^^^^^^^^^^^
If you need interactivity, consider converting part of this to a Client Component.
    at eF (/Users/knowprajjwal/LearningPlatform/node_modules/next/dist/compiled/next-server/app-page.runtime.dev.js:35:272472)
    at /Users/knowprajjwal/LearningPlatform/node_modules/next/dist/compiled/next-server/app-page.runtime.dev.js:35:266015
    at Object.toJSON (/Users/knowprajjwal/LearningPlatform/node_modules/next/dist/compiled/next-server/app-page.runtime.dev.js:35:266479)
    at stringify (<anonymous>)
    at eq (/Users/knowprajjwal/LearningPlatform/node_modules/next/dist/compiled/next-server/app-page.runtime.dev.js:35:274847)
    at ej (/Users/knowprajjwal/LearningPlatform/node_modules/next/dist/compiled/next-server/app-page.runtime.dev.js:35:264992)
    at e_ (/Users/knowprajjwal/LearningPlatform/node_modules/next/dist/compiled/next-server/app-page.runtime.dev.js:35:264034)
    at e (/Users/knowprajjwal/LearningPlatform/node_modules/next/dist/compiled/next-server/app-page.runtime.dev.js:35:268296)
    at eF (/Users/knowprajjwal/LearningPlatform/node_modules/next/dist/compiled/next-server/app-page.runtime.dev.js:35:268784)
    at /Users/knowprajjwal/LearningPlatform/node_modules/next/dist/compiled/next-server/app-page.runtime.dev.js:35:266015
    at Array.toJSON (/Users/knowprajjwal/LearningPlatform/node_modules/next/dist/compiled/next-server/app-page.runtime.dev.js:35:266479)
    at stringify (<anonymous>)
    at eq (/Users/knowprajjwal/LearningPlatform/node_modules/next/dist/compiled/next-server/app-page.runtime.dev.js:35:274847)
    at ej (/Users/knowprajjwal/LearningPlatform/node_modules/next/dist/compiled/next-server/app-page.runtime.dev.js:35:264992)
    at e_ (/Users/knowprajjwal/LearningPlatform/node_modules/next/dist/compiled/next-server/app-page.runtime.dev.js:35:264034)
    at e (/Users/knowprajjwal/LearningPlatform/node_modules/next/dist/compiled/next-server/app-page.runtime.dev.js:35:268296)
    at eF (/Users/knowprajjwal/LearningPlatform/node_modules/next/dist/compiled/next-server/app-page.runtime.dev.js:35:268784)
    at /Users/knowprajjwal/LearningPlatform/node_modules/next/dist/compiled/next-server/app-page.runtime.dev.js:35:266015
    at Array.toJSON (/Users/knowprajjwal/LearningPlatform/node_modules/next/dist/compiled/next-server/app-page.runtime.dev.js:35:266479)
    at stringify (<anonymous>)
    at eq (/Users/knowprajjwal/LearningPlatform/node_modules/next/dist/compiled/next-server/app-page.runtime.dev.js:35:274847)
    at eJ (/Users/knowprajjwal/LearningPlatform/node_modules/next/dist/compiled/next-server/app-page.runtime.dev.js:35:275365)
    at AsyncLocalStorage.run (node:internal/async_local_storage/async_hooks:91:14)
    at Timeout._onTimeout (/Users/knowprajjwal/LearningPlatform/node_modules/next/dist/compiled/next-server/app-page.runtime.dev.js:35:283454)
    at listOnTimeout (node:internal/timers:588:17)
    at process.processTimers (node:internal/timers:523:7)
[  374157ms] Error: Event handlers cannot be passed to Client Component props.
  <form onSubmit={function onSubmit} className=... children=...>
                 ^^^^^^^^^^^^^^^^^^^
If you need interactivity, consider converting part of this to a Client Component.
    at eF (/Users/knowprajjwal/LearningPlatform/node_modules/next/dist/compiled/next-server/app-page.runtime.dev.js:35:272472)
    at /Users/knowprajjwal/LearningPlatform/node_modules/next/dist/compiled/next-server/app-page.runtime.dev.js:35:266015
    at Object.toJSON (/Users/knowprajjwal/LearningPlatform/node_modules/next/dist/compiled/next-server/app-page.runtime.dev.js:35:266479)
    at stringify (<anonymous>)
    at eq (/Users/knowprajjwal/LearningPlatform/node_modules/next/dist/compiled/next-server/app-page.runtime.dev.js:35:274847)
    at ej (/Users/knowprajjwal/LearningPlatform/node_modules/next/dist/compiled/next-server/app-page.runtime.dev.js:35:264992)
    at e_ (/Users/knowprajjwal/LearningPlatform/node_modules/next/dist/compiled/next-server/app-page.runtime.dev.js:35:264034)
    at e (/Users/knowprajjwal/LearningPlatform/node_modules/next/dist/compiled/next-server/app-page.runtime.dev.js:35:268296)
    at eF (/Users/knowprajjwal/LearningPlatform/node_modules/next/dist/compiled/next-server/app-page.runtime.dev.js:35:268784)
    at /Users/knowprajjwal/LearningPlatform/node_modules/next/dist/compiled/next-server/app-page.runtime.dev.js:35:266015
    at Array.toJSON (/Users/knowprajjwal/LearningPlatform/node_modules/next/dist/compiled/next-server/app-page.runtime.dev.js:35:266479)
    at stringify (<anonymous>)
    at eq (/Users/knowprajjwal/LearningPlatform/node_modules/next/dist/compiled/next-server/app-page.runtime.dev.js:35:274847)
    at ej (/Users/knowprajjwal/LearningPlatform/node_modules/next/dist/compiled/next-server/app-page.runtime.dev.js:35:264992)
    at e_ (/Users/knowprajjwal/LearningPlatform/node_modules/next/dist/compiled/next-server/app-page.runtime.dev.js:35:264034)
    at e (/Users/knowprajjwal/LearningPlatform/node_modules/next/dist/compiled/next-server/app-page.runtime.dev.js:35:268296)
    at eF (/Users/knowprajjwal/LearningPlatform/node_modules/next/dist/compiled/next-server/app-page.runtime.dev.js:35:268784)
    at /Users/knowprajjwal/LearningPlatform/node_modules/next/dist/compiled/next-server/app-page.runtime.dev.js:35:266015
    at Array.toJSON (/Users/knowprajjwal/LearningPlatform/node_modules/next/dist/compiled/next-server/app-page.runtime.dev.js:35:266479)
    at stringify (<anonymous>)
    at eq (/Users/knowprajjwal/LearningPlatform/node_modules/next/dist/compiled/next-server/app-page.runtime.dev.js:35:274847)
    at eJ (/Users/knowprajjwal/LearningPlatform/node_modules/next/dist/compiled/next-server/app-page.runtime.dev.js:35:275365)
    at AsyncLocalStorage.run (node:internal/async_local_storage/async_hooks:91:14)
    at Timeout._onTimeout (/Users/knowprajjwal/LearningPlatform/node_modules/next/dist/compiled/next-server/app-page.runtime.dev.js:35:283454)
    at listOnTimeout (node:internal/timers:588:17)
    at process.processTimers (node:internal/timers:523:7)
[  374175ms] [ERROR] The above error occurred in the <NotFoundErrorBoundary> component:

    at ComponentShowcasePage (Server)
    at InnerLayoutRouter (webpack-internal:///(app-pages-browser)/./node_modules/next/dist/client/components/layout-router.js:243:11)
    at RedirectErrorBoundary (webpack-internal:///(app-pages-browser)/./node_modules/next/dist/client/components/redirect-boundary.js:74:9)
    at RedirectBoundary (webpack-internal:///(app-pages-browser)/./node_modules/next/dist/client/components/redirect-boundary.js:82:11)
    at NotFoundBoundary (webpack-internal:///(app-pages-browser)/./node_modules/next/dist/client/components/not-found-boundary.js:84:11)
    at LoadingBoundary (webpack-internal:///(app-pages-browser)/./node_modules/next/dist/client/components/layout-router.js:349:11)
    at ErrorBoundary (webpack-internal:///(app-pages-browser)/./node_modules/next/dist/client/components/error-boundary.js:160:11)
    at InnerScrollAndFocusHandler (webpack-internal:///(app-pages-browser)/./node_modules/next/dist/client/components/layout-router.js:153:9)
    at ScrollAndFocusHandler (webpack-internal:///(app-pages-browser)/./node_modules/next/dist/client/components/layout-router.js:228:11)
    at RenderFromTemplateContext (webpack-internal:///(app-pages-browser)/./node_modules/next/dist/client/components/render-from-template-context.js:16:44)
    at OuterLayoutRouter (webpack-internal:///(app-pages-browser)/./node_modules/next/dist/client/components/layout-router.js:370:11)
    at InnerLayoutRouter (webpack-internal:///(app-pages-browser)/./node_modules/next/dist/client/components/layout-router.js:243:11)
    at RedirectErrorBoundary (webpack-internal:///(app-pages-browser)/./node_modules/next/dist/client/components/redirect-boundary.js:74:9)
    at RedirectBoundary (webpack-internal:///(app-pages-browser)/./node_modules/next/dist/client/components/redirect-boundary.js:82:11)
    at NotFoundBoundary (webpack-internal:///(app-pages-browser)/./node_modules/next/dist/client/components/not-found-boundary.js:84:11)
    at LoadingBoundary (webpack-internal:///(app-pages-browser)/./node_modules/next/dist/client/components/layout-router.js:349:11)
    at ErrorBoundary (webpack-internal:///(app-pages-browser)/./node_modules/next/dist/client/components/error-boundary.js:160:11)
    at InnerScrollAndFocusHandler (webpack-internal:///(app-pages-browser)/./node_modules/next/dist/client/components/layout-router.js:153:9)
    at ScrollAndFocusHandler (webpack-internal:///(app-pages-browser)/./node_modules/next/dist/client/components/layout-router.js:228:11)
    at RenderFromTemplateContext (webpack-internal:///(app-pages-browser)/./node_modules/next/dist/client/components/render-from-template-context.js:16:44)
    at OuterLayoutRouter (webpack-internal:///(app-pages-browser)/./node_modules/next/dist/client/components/layout-router.js:370:11)
    at div
    at RedesignLayout (Server)
    at InnerLayoutRouter (webpack-internal:///(app-pages-browser)/./node_modules/next/dist/client/components/layout-router.js:243:11)
    at RedirectErrorBoundary (webpack-internal:///(app-pages-browser)/./node_modules/next/dist/client/components/redirect-boundary.js:74:9)
    at RedirectBoundary (webpack-internal:///(app-pages-browser)/./node_modules/next/dist/client/components/redirect-boundary.js:82:11)
    at NotFoundErrorBoundary (webpack-internal:///(app-pages-browser)/./node_modules/next/dist/client/components/not-found-boundary.js:76:9)
    at NotFoundBoundary (webpack-internal:///(app-pages-browser)/./node_modules/next/dist/client/components/not-found-boundary.js:84:11)
    at LoadingBoundary (webpack-internal:///(app-pages-browser)/./node_modules/next/dist/client/components/layout-router.js:349:11)
    at ErrorBoundary (webpack-internal:///(app-pages-browser)/./node_modules/next/dist/client/components/error-boundary.js:160:11)
    at InnerScrollAndFocusHandler (webpack-internal:///(app-pages-browser)/./node_modules/next/dist/client/components/layout-router.js:153:9)
    at ScrollAndFocusHandler (webpack-internal:///(app-pages-browser)/./node_modules/next/dist/client/components/layout-router.js:228:11)
    at RenderFromTemplateContext (webpack-internal:///(app-pages-browser)/./node_modules/next/dist/client/components/render-from-template-context.js:16:44)
    at OuterLayoutRouter (webpack-internal:///(app-pages-browser)/./node_modules/next/dist/client/components/layout-router.js:370:11)
    at __experimental_CheckoutProvider (webpack-internal:///(app-pages-browser)/./node_modules/@clerk/shared/dist/runtime/react/index.mjs:136:44)
    at SWRConfig (webpack-internal:///(app-pages-browser)/./node_modules/swr/dist/_internal/config-context-client-BoS53ST9.mjs:554:13)
    at SWRConfigCompat (webpack-internal:///(app-pages-browser)/./node_modules/@clerk/shared/dist/runtime/react/index.mjs:124:28)
    at OrganizationProvider (webpack-internal:///(app-pages-browser)/./node_modules/@clerk/shared/dist/runtime/react/index.mjs:148:33)
    at ClerkContextProvider (webpack-internal:///(app-pages-browser)/./node_modules/@clerk/clerk-react/dist/index.mjs:1849:11)
    at ClerkProviderBase (webpack-internal:///(app-pages-browser)/./node_modules/@clerk/clerk-react/dist/index.mjs:1941:11)
    at Hoc (webpack-internal:///(app-pages-browser)/./node_modules/@clerk/clerk-react/dist/chunk-THNCS7QR.mjs:84:5)
    at ClerkNextOptionsProvider (webpack-internal:///(app-pages-browser)/./node_modules/@clerk/nextjs/dist/esm/client-boundary/NextOptionsContext.js:17:11)
    at NextClientClerkProvider (webpack-internal:///(app-pages-browser)/./node_modules/@clerk/nextjs/dist/esm/app-router/client/ClerkProvider.js:62:13)
    at ClientClerkProvider (webpack-internal:///(app-pages-browser)/./node_modules/@clerk/nextjs/dist/esm/app-router/client/ClerkProvider.js:135:13)
    at ClerkProvider (Server)
    at body
    at html
    at RootLayout (Server)
    at RedirectErrorBoundary (webpack-internal:///(app-pages-browser)/./node_modules/next/dist/client/components/redirect-boundary.js:74:9)
    at RedirectBoundary (webpack-internal:///(app-pages-browser)/./node_modules/next/dist/client/components/redirect-boundary.js:82:11)
    at NotFoundErrorBoundary (webpack-internal:///(app-pages-browser)/./node_modules/next/dist/client/components/not-found-boundary.js:76:9)
    at NotFoundBoundary (webpack-internal:///(app-pages-browser)/./node_modules/next/dist/client/components/not-found-boundary.js:84:11)
    at DevRootNotFoundBoundary (webpack-internal:///(app-pages-browser)/./node_modules/next/dist/client/components/dev-root-not-found-boundary.js:33:11)
    at ReactDevOverlay (webpack-internal:///(app-pages-browser)/./node_modules/next/dist/client/components/react-dev-overlay/app/ReactDevOverlay.js:87:9)
    at HotReload (webpack-internal:///(app-pages-browser)/./node_modules/next/dist/client/components/react-dev-overlay/app/hot-reloader-client.js:321:11)
    at Router (webpack-internal:///(app-pages-browser)/./node_modules/next/dist/client/components/app-router.js:207:11)
    at ErrorBoundaryHandler (webpack-internal:///(app-pages-browser)/./node_modules/next/dist/client/components/error-boundary.js:113:9)
    at ErrorBoundary (webpack-internal:///(app-pages-browser)/./node_modules/next/dist/client/components/error-boundary.js:160:11)
    at AppRouter (webpack-internal:///(app-pages-browser)/./node_modules/next/dist/client/components/app-router.js:585:13)
    at ServerRoot (webpack-internal:///(app-pages-browser)/./node_modules/next/dist/client/app-index.js:112:27)
    at Root (webpack-internal:///(app-pages-browser)/./node_modules/next/dist/client/app-index.js:117:11)

React will try to recreate this component tree from scratch using the error boundary you provided, ReactDevOverlay. @ webpack-internal:///(app-pages-browser)/./node_modules/next/dist/client/app-index.js:32
[  377293ms] [WARNING] The resource http://localhost:5001/_next/static/css/app/layout.css?v=1775891211148 was preloaded using link preload but not used within a few seconds from the window's load event. Please make sure it has an appropriate `as` value and it is preloaded intentionally. @ http://localhost:5001/redesign/components:0
[  377293ms] [WARNING] The resource http://localhost:5001/_next/static/css/app/redesign/layout.css?v=1775891211148 was preloaded using link preload but not used within a few seconds from the window's load event. Please make sure it has an appropriate `as` value and it is preloaded intentionally. @ http://localhost:5001/redesign/components:0
[  377299ms] [LOG] [Fast Refresh] rebuilding @ webpack-internal:///(app-pages-browser)/./node_modules/next/dist/client/components/react-dev-overlay/app/hot-reloader-client.js:186
[  377787ms] [WARNING] [Fast Refresh] performing full reload because your application had an unrecoverable error @ webpack-internal:///(app-pages-browser)/./node_modules/next/dist/client/components/react-dev-overlay/app/hot-reloader-client.js:114
[  378538ms] [INFO] %cDownload the React DevTools for a better development experience: https://reactjs.org/link/react-devtools font-weight:bold @ webpack-internal:///(app-pages-browser)/./node_modules/next/dist/compiled/react-dom/cjs/react-dom.development.js:38559
[  378945ms] [ERROR] Failed to load resource: the server responded with a status of 400 () @ https://clerk.greentryst.com/v1/client?__clerk_api_version=2025-11-10&_clerk_js_version=5.125.7:0
[  378946ms] [ERROR] e: Clerk: Production Keys are only allowed for domain "greentryst.com". 
API Error: The Request HTTP Origin header must be equal to or a subdomain of the requesting URL.
    at https://clerk.greentryst.com/npm/@clerk/clerk-js@5/dist/clerk.browser.js:2:7182
    at u._baseFetch (https://clerk.greentryst.com/npm/@clerk/clerk-js@5/dist/clerk.browser.js:3:38)
    at async d.execute (https://clerk.greentryst.com/npm/@clerk/clerk-js@5/dist/clerk.browser.js:2:5226)
    at async s._baseGet (https://clerk.greentryst.com/npm/@clerk/clerk-js@5/dist/clerk.browser.js:3:567)
    at async Promise.all (index 1)
    at async #U (https://clerk.greentryst.com/npm/@clerk/clerk-js@5/dist/clerk.browser.js:5:73541)
    at async e5.load (https://clerk.greentryst.com/npm/@clerk/clerk-js@5/dist/clerk.browser.js:5:34322)
    at async _IsomorphicClerk.loadClerkJS (webpack-internal:///(app-pages-browser)/./node_modules/@clerk/clerk-react/dist/index.mjs:1746:9) @ webpack-internal:///(app-pages-browser)/./node_modules/next/dist/client/app-index.js:32
[  379279ms] [ERROR] Failed to load resource: the server responded with a status of 400 () @ https://clerk.greentryst.com/v1/client?__clerk_api_version=2025-11-10&_clerk_js_version=5.125.7:0
[  379279ms] [ERROR] e: Clerk: Production Keys are only allowed for domain "greentryst.com". 
API Error: The Request HTTP Origin header must be equal to or a subdomain of the requesting URL.
    at https://clerk.greentryst.com/npm/@clerk/clerk-js@5/dist/clerk.browser.js:2:7182
    at u._baseFetch (https://clerk.greentryst.com/npm/@clerk/clerk-js@5/dist/clerk.browser.js:3:38)
    at async d.execute (https://clerk.greentryst.com/npm/@clerk/clerk-js@5/dist/clerk.browser.js:2:5226)
    at async s._baseGet (https://clerk.greentryst.com/npm/@clerk/clerk-js@5/dist/clerk.browser.js:3:567)
    at async Promise.all (index 1)
    at async #U (https://clerk.greentryst.com/npm/@clerk/clerk-js@5/dist/clerk.browser.js:5:73541)
    at async e5.load (https://clerk.greentryst.com/npm/@clerk/clerk-js@5/dist/clerk.browser.js:5:34322)
    at async _IsomorphicClerk.loadClerkJS (webpack-internal:///(app-pages-browser)/./node_modules/@clerk/clerk-react/dist/index.mjs:1746:9) @ webpack-internal:///(app-pages-browser)/./node_modules/next/dist/client/app-index.js:32
[  509276ms] [LOG] [Fast Refresh] rebuilding @ webpack-internal:///(app-pages-browser)/./node_modules/next/dist/client/components/react-dev-overlay/app/hot-reloader-client.js:186
[  510382ms] [LOG] [Fast Refresh] done in 1107ms @ webpack-internal:///(app-pages-browser)/./node_modules/next/dist/client/components/react-dev-overlay/app/hot-reloader-client.js:43
[  531376ms] [LOG] [Fast Refresh] rebuilding @ webpack-internal:///(app-pages-browser)/./node_modules/next/dist/client/components/react-dev-overlay/app/hot-reloader-client.js:186
[  531766ms] [LOG] [Fast Refresh] done in 393ms @ webpack-internal:///(app-pages-browser)/./node_modules/next/dist/client/components/react-dev-overlay/app/hot-reloader-client.js:43
[  534634ms] [LOG] [Fast Refresh] rebuilding @ webpack-internal:///(app-pages-browser)/./node_modules/next/dist/client/components/react-dev-overlay/app/hot-reloader-client.js:186
[  535160ms] [LOG] [Fast Refresh] done in 526ms @ webpack-internal:///(app-pages-browser)/./node_modules/next/dist/client/components/react-dev-overlay/app/hot-reloader-client.js:43
[  541264ms] [LOG] [Fast Refresh] rebuilding @ webpack-internal:///(app-pages-browser)/./node_modules/next/dist/client/components/react-dev-overlay/app/hot-reloader-client.js:186
[  541937ms] [LOG] [Fast Refresh] done in 674ms @ webpack-internal:///(app-pages-browser)/./node_modules/next/dist/client/components/react-dev-overlay/app/hot-reloader-client.js:43
[  543070ms] [LOG] [Fast Refresh] rebuilding @ webpack-internal:///(app-pages-browser)/./node_modules/next/dist/client/components/react-dev-overlay/app/hot-reloader-client.js:186
[  543163ms] [LOG] [Fast Refresh] done in 93ms @ webpack-internal:///(app-pages-browser)/./node_modules/next/dist/client/components/react-dev-overlay/app/hot-reloader-client.js:43
[  543354ms] [ERROR] Failed to load resource: the server responded with a status of 404 (Not Found) @ http://localhost:5001/courses?_rsc=lghx6:0
[  543527ms] [ERROR] Failed to load resource: the server responded with a status of 404 (Not Found) @ http://localhost:5001/courses:0
[  543819ms] [INFO] %cDownload the React DevTools for a better development experience: https://reactjs.org/link/react-devtools font-weight:bold @ webpack-internal:///(app-pages-browser)/./node_modules/next/dist/compiled/react-dom/cjs/react-dom.development.js:38559
[  543958ms] [ERROR] Failed to load resource: the server responded with a status of 404 (Not Found) @ http://localhost:5001/courses:0
[  543981ms] [ERROR] Failed to load resource: the server responded with a status of 404 (Not Found) @ http://localhost:5001/courses:0
[  544221ms] [ERROR] Failed to load resource: the server responded with a status of 400 () @ https://clerk.greentryst.com/v1/client?__clerk_api_version=2025-11-10&_clerk_js_version=5.125.7:0
[  544223ms] [ERROR] e: Clerk: Production Keys are only allowed for domain "greentryst.com". 
API Error: The Request HTTP Origin header must be equal to or a subdomain of the requesting URL.
    at https://clerk.greentryst.com/npm/@clerk/clerk-js@5/dist/clerk.browser.js:2:7182
    at u._baseFetch (https://clerk.greentryst.com/npm/@clerk/clerk-js@5/dist/clerk.browser.js:3:38)
    at async d.execute (https://clerk.greentryst.com/npm/@clerk/clerk-js@5/dist/clerk.browser.js:2:5226)
    at async s._baseGet (https://clerk.greentryst.com/npm/@clerk/clerk-js@5/dist/clerk.browser.js:3:567)
    at async Promise.all (index 1)
    at async #U (https://clerk.greentryst.com/npm/@clerk/clerk-js@5/dist/clerk.browser.js:5:73541)
    at async e5.load (https://clerk.greentryst.com/npm/@clerk/clerk-js@5/dist/clerk.browser.js:5:34322)
    at async _IsomorphicClerk.loadClerkJS (webpack-internal:///(app-pages-browser)/./node_modules/@clerk/clerk-react/dist/index.mjs:1746:9) @ webpack-internal:///(app-pages-browser)/./node_modules/next/dist/client/app-index.js:32
[  544464ms] [LOG] [Fast Refresh] rebuilding @ webpack-internal:///(app-pages-browser)/./node_modules/next/dist/client/components/react-dev-overlay/app/hot-reloader-client.js:186
[  544546ms] [ERROR] Failed to load resource: the server responded with a status of 400 () @ https://clerk.greentryst.com/v1/client?__clerk_api_version=2025-11-10&_clerk_js_version=5.125.7:0
[  544547ms] [ERROR] e: Clerk: Production Keys are only allowed for domain "greentryst.com". 
API Error: The Request HTTP Origin header must be equal to or a subdomain of the requesting URL.
    at https://clerk.greentryst.com/npm/@clerk/clerk-js@5/dist/clerk.browser.js:2:7182
    at u._baseFetch (https://clerk.greentryst.com/npm/@clerk/clerk-js@5/dist/clerk.browser.js:3:38)
    at async d.execute (https://clerk.greentryst.com/npm/@clerk/clerk-js@5/dist/clerk.browser.js:2:5226)
    at async s._baseGet (https://clerk.greentryst.com/npm/@clerk/clerk-js@5/dist/clerk.browser.js:3:567)
    at async Promise.all (index 1)
    at async #U (https://clerk.greentryst.com/npm/@clerk/clerk-js@5/dist/clerk.browser.js:5:73541)
    at async e5.load (https://clerk.greentryst.com/npm/@clerk/clerk-js@5/dist/clerk.browser.js:5:34322)
    at async _IsomorphicClerk.loadClerkJS (webpack-internal:///(app-pages-browser)/./node_modules/@clerk/clerk-react/dist/index.mjs:1746:9) @ webpack-internal:///(app-pages-browser)/./node_modules/next/dist/client/app-index.js:32
[  544984ms] [LOG] [Fast Refresh] done in 521ms @ webpack-internal:///(app-pages-browser)/./node_modules/next/dist/client/components/react-dev-overlay/app/hot-reloader-client.js:43
[  545008ms] [ERROR] Failed to load resource: the server responded with a status of 404 (Not Found) @ http://localhost:5001/courses?_rsc=16jqe:0
[  545099ms] [ERROR] Failed to load resource: the server responded with a status of 404 (Not Found) @ http://localhost:5001/courses:0
[  545339ms] [INFO] %cDownload the React DevTools for a better development experience: https://reactjs.org/link/react-devtools font-weight:bold @ webpack-internal:///(app-pages-browser)/./node_modules/next/dist/compiled/react-dom/cjs/react-dom.development.js:38559
[  545428ms] [ERROR] Failed to load resource: the server responded with a status of 404 (Not Found) @ http://localhost:5001/courses:0
[  545446ms] [ERROR] Failed to load resource: the server responded with a status of 404 (Not Found) @ http://localhost:5001/courses:0
[  545703ms] [ERROR] Failed to load resource: the server responded with a status of 400 () @ https://clerk.greentryst.com/v1/client?__clerk_api_version=2025-11-10&_clerk_js_version=5.125.7:0
[  545703ms] [ERROR] e: Clerk: Production Keys are only allowed for domain "greentryst.com". 
API Error: The Request HTTP Origin header must be equal to or a subdomain of the requesting URL.
    at https://clerk.greentryst.com/npm/@clerk/clerk-js@5/dist/clerk.browser.js:2:7182
    at u._baseFetch (https://clerk.greentryst.com/npm/@clerk/clerk-js@5/dist/clerk.browser.js:3:38)
    at async d.execute (https://clerk.greentryst.com/npm/@clerk/clerk-js@5/dist/clerk.browser.js:2:5226)
    at async s._baseGet (https://clerk.greentryst.com/npm/@clerk/clerk-js@5/dist/clerk.browser.js:3:567)
    at async Promise.all (index 1)
    at async #U (https://clerk.greentryst.com/npm/@clerk/clerk-js@5/dist/clerk.browser.js:5:73541)
    at async e5.load (https://clerk.greentryst.com/npm/@clerk/clerk-js@5/dist/clerk.browser.js:5:34322)
    at async _IsomorphicClerk.loadClerkJS (webpack-internal:///(app-pages-browser)/./node_modules/@clerk/clerk-react/dist/index.mjs:1746:9) @ webpack-internal:///(app-pages-browser)/./node_modules/next/dist/client/app-index.js:32
[  546107ms] [INFO] %cDownload the React DevTools for a better development experience: https://reactjs.org/link/react-devtools font-weight:bold @ webpack-internal:///(app-pages-browser)/./node_modules/next/dist/compiled/react-dom/cjs/react-dom.development.js:38559
[  546489ms] [ERROR] Failed to load resource: the server responded with a status of 400 () @ https://clerk.greentryst.com/v1/client?__clerk_api_version=2025-11-10&_clerk_js_version=5.125.7:0
[  546490ms] [ERROR] e: Clerk: Production Keys are only allowed for domain "greentryst.com". 
API Error: The Request HTTP Origin header must be equal to or a subdomain of the requesting URL.
    at https://clerk.greentryst.com/npm/@clerk/clerk-js@5/dist/clerk.browser.js:2:7182
    at u._baseFetch (https://clerk.greentryst.com/npm/@clerk/clerk-js@5/dist/clerk.browser.js:3:38)
    at async d.execute (https://clerk.greentryst.com/npm/@clerk/clerk-js@5/dist/clerk.browser.js:2:5226)
    at async s._baseGet (https://clerk.greentryst.com/npm/@clerk/clerk-js@5/dist/clerk.browser.js:3:567)
    at async Promise.all (index 1)
    at async #U (https://clerk.greentryst.com/npm/@clerk/clerk-js@5/dist/clerk.browser.js:5:73541)
    at async e5.load (https://clerk.greentryst.com/npm/@clerk/clerk-js@5/dist/clerk.browser.js:5:34322)
    at async _IsomorphicClerk.loadClerkJS (webpack-internal:///(app-pages-browser)/./node_modules/@clerk/clerk-react/dist/index.mjs:1746:9) @ webpack-internal:///(app-pages-browser)/./node_modules/next/dist/client/app-index.js:32
[  546816ms] [ERROR] Failed to load resource: the server responded with a status of 400 () @ https://clerk.greentryst.com/v1/client?__clerk_api_version=2025-11-10&_clerk_js_version=5.125.7:0
[  546816ms] [ERROR] e: Clerk: Production Keys are only allowed for domain "greentryst.com". 
API Error: The Request HTTP Origin header must be equal to or a subdomain of the requesting URL.
    at https://clerk.greentryst.com/npm/@clerk/clerk-js@5/dist/clerk.browser.js:2:7182
    at u._baseFetch (https://clerk.greentryst.com/npm/@clerk/clerk-js@5/dist/clerk.browser.js:3:38)
    at async d.execute (https://clerk.greentryst.com/npm/@clerk/clerk-js@5/dist/clerk.browser.js:2:5226)
    at async s._baseGet (https://clerk.greentryst.com/npm/@clerk/clerk-js@5/dist/clerk.browser.js:3:567)
    at async Promise.all (index 1)
    at async #U (https://clerk.greentryst.com/npm/@clerk/clerk-js@5/dist/clerk.browser.js:5:73541)
    at async e5.load (https://clerk.greentryst.com/npm/@clerk/clerk-js@5/dist/clerk.browser.js:5:34322)
    at async _IsomorphicClerk.loadClerkJS (webpack-internal:///(app-pages-browser)/./node_modules/@clerk/clerk-react/dist/index.mjs:1746:9) @ webpack-internal:///(app-pages-browser)/./node_modules/next/dist/client/app-index.js:32
[  731009ms] [LOG] [Fast Refresh] rebuilding @ webpack-internal:///(app-pages-browser)/./node_modules/next/dist/client/components/react-dev-overlay/app/hot-reloader-client.js:186
[  731694ms] [LOG] [Fast Refresh] done in 686ms @ webpack-internal:///(app-pages-browser)/./node_modules/next/dist/client/components/react-dev-overlay/app/hot-reloader-client.js:43
[ 1210741ms] [LOG] [Fast Refresh] rebuilding @ webpack-internal:///(app-pages-browser)/./node_modules/next/dist/client/components/react-dev-overlay/app/hot-reloader-client.js:186
[ 1211267ms] [LOG] [Fast Refresh] done in 527ms @ webpack-internal:///(app-pages-browser)/./node_modules/next/dist/client/components/react-dev-overlay/app/hot-reloader-client.js:43
[ 1561265ms] [LOG] [Fast Refresh] rebuilding @ webpack-internal:///(app-pages-browser)/./node_modules/next/dist/client/components/react-dev-overlay/app/hot-reloader-client.js:186
[ 1561726ms] [LOG] [Fast Refresh] done in 462ms @ webpack-internal:///(app-pages-browser)/./node_modules/next/dist/client/components/react-dev-overlay/app/hot-reloader-client.js:43
[ 1793114ms] [LOG] [Fast Refresh] rebuilding @ webpack-internal:///(app-pages-browser)/./node_modules/next/dist/client/components/react-dev-overlay/app/hot-reloader-client.js:186
[ 1793796ms] [LOG] [Fast Refresh] done in 682ms @ webpack-internal:///(app-pages-browser)/./node_modules/next/dist/client/components/react-dev-overlay/app/hot-reloader-client.js:43
[ 1813314ms] [LOG] [Fast Refresh] rebuilding @ webpack-internal:///(app-pages-browser)/./node_modules/next/dist/client/components/react-dev-overlay/app/hot-reloader-client.js:186
[ 1813754ms] [LOG] [Fast Refresh] done in 439ms @ webpack-internal:///(app-pages-browser)/./node_modules/next/dist/client/components/react-dev-overlay/app/hot-reloader-client.js:43
[ 1821760ms] [LOG] [Fast Refresh] rebuilding @ webpack-internal:///(app-pages-browser)/./node_modules/next/dist/client/components/react-dev-overlay/app/hot-reloader-client.js:186
[ 1822061ms] [LOG] [Fast Refresh] done in 302ms @ webpack-internal:///(app-pages-browser)/./node_modules/next/dist/client/components/react-dev-overlay/app/hot-reloader-client.js:43
[ 1870147ms] [LOG] [Fast Refresh] rebuilding @ webpack-internal:///(app-pages-browser)/./node_modules/next/dist/client/components/react-dev-overlay/app/hot-reloader-client.js:186
[ 1870817ms] [LOG] [Fast Refresh] done in 671ms @ webpack-internal:///(app-pages-browser)/./node_modules/next/dist/client/components/react-dev-overlay/app/hot-reloader-client.js:43
[ 1879143ms] [LOG] [Fast Refresh] rebuilding @ webpack-internal:///(app-pages-browser)/./node_modules/next/dist/client/components/react-dev-overlay/app/hot-reloader-client.js:186
[ 1879636ms] [LOG] [Fast Refresh] done in 493ms @ webpack-internal:///(app-pages-browser)/./node_modules/next/dist/client/components/react-dev-overlay/app/hot-reloader-client.js:43
[ 1904239ms] [LOG] [Fast Refresh] rebuilding @ webpack-internal:///(app-pages-browser)/./node_modules/next/dist/client/components/react-dev-overlay/app/hot-reloader-client.js:186
[ 1904687ms] [LOG] [Fast Refresh] done in 449ms @ webpack-internal:///(app-pages-browser)/./node_modules/next/dist/client/components/react-dev-overlay/app/hot-reloader-client.js:43
[ 1912158ms] [LOG] [Fast Refresh] rebuilding @ webpack-internal:///(app-pages-browser)/./node_modules/next/dist/client/components/react-dev-overlay/app/hot-reloader-client.js:186
[ 1912603ms] [LOG] [Fast Refresh] done in 444ms @ webpack-internal:///(app-pages-browser)/./node_modules/next/dist/client/components/react-dev-overlay/app/hot-reloader-client.js:43
[ 2218286ms] [LOG] [Fast Refresh] rebuilding @ webpack-internal:///(app-pages-browser)/./node_modules/next/dist/client/components/react-dev-overlay/app/hot-reloader-client.js:186
[ 2218851ms] [LOG] [Fast Refresh] done in 567ms @ webpack-internal:///(app-pages-browser)/./node_modules/next/dist/client/components/react-dev-overlay/app/hot-reloader-client.js:43
[ 2546717ms] [LOG] [Fast Refresh] rebuilding @ webpack-internal:///(app-pages-browser)/./node_modules/next/dist/client/components/react-dev-overlay/app/hot-reloader-client.js:186
[ 2547171ms] [LOG] [Fast Refresh] done in 456ms @ webpack-internal:///(app-pages-browser)/./node_modules/next/dist/client/components/react-dev-overlay/app/hot-reloader-client.js:43
[ 2589942ms] [LOG] [Fast Refresh] rebuilding @ webpack-internal:///(app-pages-browser)/./node_modules/next/dist/client/components/react-dev-overlay/app/hot-reloader-client.js:186
[ 2590282ms] [LOG] [Fast Refresh] done in 341ms @ webpack-internal:///(app-pages-browser)/./node_modules/next/dist/client/components/react-dev-overlay/app/hot-reloader-client.js:43
[ 2636285ms] [LOG] [Fast Refresh] rebuilding @ webpack-internal:///(app-pages-browser)/./node_modules/next/dist/client/components/react-dev-overlay/app/hot-reloader-client.js:186
[ 2636640ms] [LOG] [Fast Refresh] done in 356ms @ webpack-internal:///(app-pages-browser)/./node_modules/next/dist/client/components/react-dev-overlay/app/hot-reloader-client.js:43
[ 2687832ms] [LOG] [Fast Refresh] rebuilding @ webpack-internal:///(app-pages-browser)/./node_modules/next/dist/client/components/react-dev-overlay/app/hot-reloader-client.js:186
[ 2688213ms] [LOG] [Fast Refresh] rebuilding @ webpack-internal:///(app-pages-browser)/./node_modules/next/dist/client/components/react-dev-overlay/app/hot-reloader-client.js:186
[ 2688259ms] [LOG] [Fast Refresh] done in 46ms @ webpack-internal:///(app-pages-browser)/./node_modules/next/dist/client/components/react-dev-overlay/app/hot-reloader-client.js:43
[ 2696320ms] [LOG] [Fast Refresh] rebuilding @ webpack-internal:///(app-pages-browser)/./node_modules/next/dist/client/components/react-dev-overlay/app/hot-reloader-client.js:186
[ 2697133ms] [LOG] [Fast Refresh] done in 814ms @ webpack-internal:///(app-pages-browser)/./node_modules/next/dist/client/components/react-dev-overlay/app/hot-reloader-client.js:43
[ 2723422ms] [LOG] [Fast Refresh] rebuilding @ webpack-internal:///(app-pages-browser)/./node_modules/next/dist/client/components/react-dev-overlay/app/hot-reloader-client.js:186
[ 2723941ms] [LOG] [Fast Refresh] done in 520ms @ webpack-internal:///(app-pages-browser)/./node_modules/next/dist/client/components/react-dev-overlay/app/hot-reloader-client.js:43
[ 2731466ms] [LOG] [Fast Refresh] rebuilding @ webpack-internal:///(app-pages-browser)/./node_modules/next/dist/client/components/react-dev-overlay/app/hot-reloader-client.js:186
[ 2731793ms] [LOG] [Fast Refresh] done in 326ms @ webpack-internal:///(app-pages-browser)/./node_modules/next/dist/client/components/react-dev-overlay/app/hot-reloader-client.js:43
[ 2739054ms] [LOG] [Fast Refresh] rebuilding @ webpack-internal:///(app-pages-browser)/./node_modules/next/dist/client/components/react-dev-overlay/app/hot-reloader-client.js:186
[ 2739454ms] [LOG] [Fast Refresh] done in 399ms @ webpack-internal:///(app-pages-browser)/./node_modules/next/dist/client/components/react-dev-overlay/app/hot-reloader-client.js:43
[ 2750748ms] [LOG] [Fast Refresh] rebuilding @ webpack-internal:///(app-pages-browser)/./node_modules/next/dist/client/components/react-dev-overlay/app/hot-reloader-client.js:186
[ 2750867ms] [LOG] [Fast Refresh] done in 120ms @ webpack-internal:///(app-pages-browser)/./node_modules/next/dist/client/components/react-dev-overlay/app/hot-reloader-client.js:43
[ 2751029ms] [ERROR] Failed to load resource: the server responded with a status of 404 (Not Found) @ http://localhost:5001/redesign/learn?_rsc=lghx6:0
[ 2751218ms] [ERROR] Failed to load resource: the server responded with a status of 404 (Not Found) @ http://localhost:5001/redesign/learn:0
[ 2751475ms] [INFO] %cDownload the React DevTools for a better development experience: https://reactjs.org/link/react-devtools font-weight:bold @ webpack-internal:///(app-pages-browser)/./node_modules/next/dist/compiled/react-dom/cjs/react-dom.development.js:38559
[ 2751574ms] [ERROR] Failed to load resource: the server responded with a status of 404 (Not Found) @ http://localhost:5001/redesign/learn:0
[ 2751611ms] [ERROR] Failed to load resource: the server responded with a status of 404 (Not Found) @ http://localhost:5001/redesign/learn:0
[ 2752144ms] [ERROR] Failed to load resource: the server responded with a status of 400 () @ https://clerk.greentryst.com/v1/client?__clerk_api_version=2025-11-10&_clerk_js_version=5.125.7:0
[ 2752148ms] [ERROR] Failed to load resource: the server responded with a status of 400 () @ https://clerk.greentryst.com/v1/environment?__clerk_api_version=2025-11-10&_clerk_js_version=5.125.7:0
[ 2752151ms] [ERROR] e: Clerk: Production Keys are only allowed for domain "greentryst.com". 
API Error: The Request HTTP Origin header must be equal to or a subdomain of the requesting URL.
    at https://clerk.greentryst.com/npm/@clerk/clerk-js@5/dist/clerk.browser.js:2:7182
    at u._baseFetch (https://clerk.greentryst.com/npm/@clerk/clerk-js@5/dist/clerk.browser.js:3:38)
    at async d.execute (https://clerk.greentryst.com/npm/@clerk/clerk-js@5/dist/clerk.browser.js:2:5226)
    at async s._baseGet (https://clerk.greentryst.com/npm/@clerk/clerk-js@5/dist/clerk.browser.js:3:567)
    at async Promise.all (index 1)
    at async #U (https://clerk.greentryst.com/npm/@clerk/clerk-js@5/dist/clerk.browser.js:5:73541)
    at async e5.load (https://clerk.greentryst.com/npm/@clerk/clerk-js@5/dist/clerk.browser.js:5:34322)
    at async _IsomorphicClerk.loadClerkJS (webpack-internal:///(app-pages-browser)/./node_modules/@clerk/clerk-react/dist/index.mjs:1746:9) @ webpack-internal:///(app-pages-browser)/./node_modules/next/dist/client/app-index.js:32
[ 2752714ms] [ERROR] Failed to load resource: the server responded with a status of 400 () @ https://clerk.greentryst.com/v1/client?__clerk_api_version=2025-11-10&_clerk_js_version=5.125.7:0
[ 2752716ms] [ERROR] Failed to load resource: the server responded with a status of 400 () @ https://clerk.greentryst.com/v1/environment?__clerk_api_version=2025-11-10&_clerk_js_version=5.125.7:0
[ 2752717ms] [ERROR] e: Clerk: Production Keys are only allowed for domain "greentryst.com". 
API Error: The Request HTTP Origin header must be equal to or a subdomain of the requesting URL.
    at https://clerk.greentryst.com/npm/@clerk/clerk-js@5/dist/clerk.browser.js:2:7182
    at u._baseFetch (https://clerk.greentryst.com/npm/@clerk/clerk-js@5/dist/clerk.browser.js:3:38)
    at async d.execute (https://clerk.greentryst.com/npm/@clerk/clerk-js@5/dist/clerk.browser.js:2:5226)
    at async s._baseGet (https://clerk.greentryst.com/npm/@clerk/clerk-js@5/dist/clerk.browser.js:3:567)
    at async Promise.all (index 1)
    at async #U (https://clerk.greentryst.com/npm/@clerk/clerk-js@5/dist/clerk.browser.js:5:73541)
    at async e5.load (https://clerk.greentryst.com/npm/@clerk/clerk-js@5/dist/clerk.browser.js:5:34322)
    at async _IsomorphicClerk.loadClerkJS (webpack-internal:///(app-pages-browser)/./node_modules/@clerk/clerk-react/dist/index.mjs:1746:9) @ webpack-internal:///(app-pages-browser)/./node_modules/next/dist/client/app-index.js:32
[ 2755478ms] [INFO] %cDownload the React DevTools for a better development experience: https://reactjs.org/link/react-devtools font-weight:bold @ webpack-internal:///(app-pages-browser)/./node_modules/next/dist/compiled/react-dom/cjs/react-dom.development.js:38559
[ 2755850ms] [ERROR] Failed to load resource: the server responded with a status of 400 () @ https://clerk.greentryst.com/v1/client?__clerk_api_version=2025-11-10&_clerk_js_version=5.125.7:0
[ 2755858ms] [ERROR] Failed to load resource: the server responded with a status of 400 () @ https://clerk.greentryst.com/v1/environment?__clerk_api_version=2025-11-10&_clerk_js_version=5.125.7:0
[ 2755859ms] [ERROR] e: Clerk: Production Keys are only allowed for domain "greentryst.com". 
API Error: The Request HTTP Origin header must be equal to or a subdomain of the requesting URL.
    at https://clerk.greentryst.com/npm/@clerk/clerk-js@5/dist/clerk.browser.js:2:7182
    at u._baseFetch (https://clerk.greentryst.com/npm/@clerk/clerk-js@5/dist/clerk.browser.js:3:38)
    at async d.execute (https://clerk.greentryst.com/npm/@clerk/clerk-js@5/dist/clerk.browser.js:2:5226)
    at async s._baseGet (https://clerk.greentryst.com/npm/@clerk/clerk-js@5/dist/clerk.browser.js:3:567)
    at async Promise.all (index 1)
    at async #U (https://clerk.greentryst.com/npm/@clerk/clerk-js@5/dist/clerk.browser.js:5:73541)
    at async e5.load (https://clerk.greentryst.com/npm/@clerk/clerk-js@5/dist/clerk.browser.js:5:34322)
    at async _IsomorphicClerk.loadClerkJS (webpack-internal:///(app-pages-browser)/./node_modules/@clerk/clerk-react/dist/index.mjs:1746:9) @ webpack-internal:///(app-pages-browser)/./node_modules/next/dist/client/app-index.js:32
[ 2756179ms] [ERROR] Failed to load resource: the server responded with a status of 400 () @ https://clerk.greentryst.com/v1/client?__clerk_api_version=2025-11-10&_clerk_js_version=5.125.7:0
[ 2756198ms] [ERROR] Failed to load resource: the server responded with a status of 400 () @ https://clerk.greentryst.com/v1/environment?__clerk_api_version=2025-11-10&_clerk_js_version=5.125.7:0
[ 2756213ms] [ERROR] e: Clerk: Production Keys are only allowed for domain "greentryst.com". 
API Error: The Request HTTP Origin header must be equal to or a subdomain of the requesting URL.
    at https://clerk.greentryst.com/npm/@clerk/clerk-js@5/dist/clerk.browser.js:2:7182
    at u._baseFetch (https://clerk.greentryst.com/npm/@clerk/clerk-js@5/dist/clerk.browser.js:3:38)
    at async d.execute (https://clerk.greentryst.com/npm/@clerk/clerk-js@5/dist/clerk.browser.js:2:5226)
    at async s._baseGet (https://clerk.greentryst.com/npm/@clerk/clerk-js@5/dist/clerk.browser.js:3:567)
    at async Promise.all (index 1)
    at async #U (https://clerk.greentryst.com/npm/@clerk/clerk-js@5/dist/clerk.browser.js:5:73541)
    at async e5.load (https://clerk.greentryst.com/npm/@clerk/clerk-js@5/dist/clerk.browser.js:5:34322)
    at async _IsomorphicClerk.loadClerkJS (webpack-internal:///(app-pages-browser)/./node_modules/@clerk/clerk-react/dist/index.mjs:1746:9) @ webpack-internal:///(app-pages-browser)/./node_modules/next/dist/client/app-index.js:32
[ 2757718ms] [ERROR] Failed to load resource: the server responded with a status of 404 (Not Found) @ http://localhost:5001/courses?_rsc=lghx6:0
[ 2757794ms] [ERROR] Failed to load resource: the server responded with a status of 404 (Not Found) @ http://localhost:5001/courses:0
[ 2757997ms] [INFO] %cDownload the React DevTools for a better development experience: https://reactjs.org/link/react-devtools font-weight:bold @ webpack-internal:///(app-pages-browser)/./node_modules/next/dist/compiled/react-dom/cjs/react-dom.development.js:38559
[ 2758066ms] [ERROR] Failed to load resource: the server responded with a status of 404 (Not Found) @ http://localhost:5001/courses:0
[ 2758089ms] [ERROR] Failed to load resource: the server responded with a status of 404 (Not Found) @ http://localhost:5001/courses:0
[ 2758360ms] [ERROR] Failed to load resource: the server responded with a status of 400 () @ https://clerk.greentryst.com/v1/client?__clerk_api_version=2025-11-10&_clerk_js_version=5.125.7:0
[ 2758379ms] [ERROR] Failed to load resource: the server responded with a status of 400 () @ https://clerk.greentryst.com/v1/environment?__clerk_api_version=2025-11-10&_clerk_js_version=5.125.7:0
[ 2758380ms] [ERROR] e: Clerk: Production Keys are only allowed for domain "greentryst.com". 
API Error: The Request HTTP Origin header must be equal to or a subdomain of the requesting URL.
    at https://clerk.greentryst.com/npm/@clerk/clerk-js@5/dist/clerk.browser.js:2:7182
    at u._baseFetch (https://clerk.greentryst.com/npm/@clerk/clerk-js@5/dist/clerk.browser.js:3:38)
    at async d.execute (https://clerk.greentryst.com/npm/@clerk/clerk-js@5/dist/clerk.browser.js:2:5226)
    at async s._baseGet (https://clerk.greentryst.com/npm/@clerk/clerk-js@5/dist/clerk.browser.js:3:567)
    at async Promise.all (index 1)
    at async #U (https://clerk.greentryst.com/npm/@clerk/clerk-js@5/dist/clerk.browser.js:5:73541)
    at async e5.load (https://clerk.greentryst.com/npm/@clerk/clerk-js@5/dist/clerk.browser.js:5:34322)
    at async _IsomorphicClerk.loadClerkJS (webpack-internal:///(app-pages-browser)/./node_modules/@clerk/clerk-react/dist/index.mjs:1746:9) @ webpack-internal:///(app-pages-browser)/./node_modules/next/dist/client/app-index.js:32
[ 2759444ms] [ERROR] Failed to load resource: the server responded with a status of 400 () @ https://clerk.greentryst.com/v1/client?__clerk_api_version=2025-11-10&_clerk_js_version=5.125.7:0
[ 2759444ms] [ERROR] Failed to load resource: the server responded with a status of 400 () @ https://clerk.greentryst.com/v1/environment?__clerk_api_version=2025-11-10&_clerk_js_version=5.125.7:0
[ 2759445ms] [ERROR] e: Clerk: Production Keys are only allowed for domain "greentryst.com". 
API Error: The Request HTTP Origin header must be equal to or a subdomain of the requesting URL.
    at https://clerk.greentryst.com/npm/@clerk/clerk-js@5/dist/clerk.browser.js:2:7182
    at u._baseFetch (https://clerk.greentryst.com/npm/@clerk/clerk-js@5/dist/clerk.browser.js:3:38)
    at async d.execute (https://clerk.greentryst.com/npm/@clerk/clerk-js@5/dist/clerk.browser.js:2:5226)
    at async s._baseGet (https://clerk.greentryst.com/npm/@clerk/clerk-js@5/dist/clerk.browser.js:3:567)
    at async Promise.all (index 1)
    at async #U (https://clerk.greentryst.com/npm/@clerk/clerk-js@5/dist/clerk.browser.js:5:73541)
    at async e5.load (https://clerk.greentryst.com/npm/@clerk/clerk-js@5/dist/clerk.browser.js:5:34322)
    at async _IsomorphicClerk.loadClerkJS (webpack-internal:///(app-pages-browser)/./node_modules/@clerk/clerk-react/dist/index.mjs:1746:9) @ webpack-internal:///(app-pages-browser)/./node_modules/next/dist/client/app-index.js:32
[ 2760274ms] [ERROR] Failed to load resource: the server responded with a status of 404 (Not Found) @ http://localhost:5001/courses:0
[ 2760472ms] [INFO] %cDownload the React DevTools for a better development experience: https://reactjs.org/link/react-devtools font-weight:bold @ webpack-internal:///(app-pages-browser)/./node_modules/next/dist/compiled/react-dom/cjs/react-dom.development.js:38559
[ 2760528ms] [ERROR] Failed to load resource: the server responded with a status of 404 (Not Found) @ http://localhost:5001/courses:0
[ 2760555ms] [ERROR] Failed to load resource: the server responded with a status of 404 (Not Found) @ http://localhost:5001/courses:0
[ 2760842ms] [ERROR] Failed to load resource: the server responded with a status of 400 () @ https://clerk.greentryst.com/v1/client?__clerk_api_version=2025-11-10&_clerk_js_version=5.125.7:0
[ 2760852ms] [ERROR] Failed to load resource: the server responded with a status of 400 () @ https://clerk.greentryst.com/v1/environment?__clerk_api_version=2025-11-10&_clerk_js_version=5.125.7:0
[ 2760853ms] [ERROR] e: Clerk: Production Keys are only allowed for domain "greentryst.com". 
API Error: The Request HTTP Origin header must be equal to or a subdomain of the requesting URL.
    at https://clerk.greentryst.com/npm/@clerk/clerk-js@5/dist/clerk.browser.js:2:7182
    at u._baseFetch (https://clerk.greentryst.com/npm/@clerk/clerk-js@5/dist/clerk.browser.js:3:38)
    at async d.execute (https://clerk.greentryst.com/npm/@clerk/clerk-js@5/dist/clerk.browser.js:2:5226)
    at async s._baseGet (https://clerk.greentryst.com/npm/@clerk/clerk-js@5/dist/clerk.browser.js:3:567)
    at async Promise.all (index 1)
    at async #U (https://clerk.greentryst.com/npm/@clerk/clerk-js@5/dist/clerk.browser.js:5:73541)
    at async e5.load (https://clerk.greentryst.com/npm/@clerk/clerk-js@5/dist/clerk.browser.js:5:34322)
    at async _IsomorphicClerk.loadClerkJS (webpack-internal:///(app-pages-browser)/./node_modules/@clerk/clerk-react/dist/index.mjs:1746:9) @ webpack-internal:///(app-pages-browser)/./node_modules/next/dist/client/app-index.js:32
[ 2761764ms] [INFO] %cDownload the React DevTools for a better development experience: https://reactjs.org/link/react-devtools font-weight:bold @ webpack-internal:///(app-pages-browser)/./node_modules/next/dist/compiled/react-dom/cjs/react-dom.development.js:38559
[ 2762123ms] [ERROR] Failed to load resource: the server responded with a status of 400 () @ https://clerk.greentryst.com/v1/client?__clerk_api_version=2025-11-10&_clerk_js_version=5.125.7:0
[ 2762131ms] [ERROR] Failed to load resource: the server responded with a status of 400 () @ https://clerk.greentryst.com/v1/environment?__clerk_api_version=2025-11-10&_clerk_js_version=5.125.7:0
[ 2762132ms] [ERROR] e: Clerk: Production Keys are only allowed for domain "greentryst.com". 
API Error: The Request HTTP Origin header must be equal to or a subdomain of the requesting URL.
    at https://clerk.greentryst.com/npm/@clerk/clerk-js@5/dist/clerk.browser.js:2:7182
    at u._baseFetch (https://clerk.greentryst.com/npm/@clerk/clerk-js@5/dist/clerk.browser.js:3:38)
    at async d.execute (https://clerk.greentryst.com/npm/@clerk/clerk-js@5/dist/clerk.browser.js:2:5226)
    at async s._baseGet (https://clerk.greentryst.com/npm/@clerk/clerk-js@5/dist/clerk.browser.js:3:567)
    at async Promise.all (index 1)
    at async #U (https://clerk.greentryst.com/npm/@clerk/clerk-js@5/dist/clerk.browser.js:5:73541)
    at async e5.load (https://clerk.greentryst.com/npm/@clerk/clerk-js@5/dist/clerk.browser.js:5:34322)
    at async _IsomorphicClerk.loadClerkJS (webpack-internal:///(app-pages-browser)/./node_modules/@clerk/clerk-react/dist/index.mjs:1746:9) @ webpack-internal:///(app-pages-browser)/./node_modules/next/dist/client/app-index.js:32
[ 2762611ms] [ERROR] Failed to load resource: the server responded with a status of 400 () @ https://clerk.greentryst.com/v1/client?__clerk_api_version=2025-11-10&_clerk_js_version=5.125.7:0
[ 2762613ms] [ERROR] Failed to load resource: the server responded with a status of 400 () @ https://clerk.greentryst.com/v1/environment?__clerk_api_version=2025-11-10&_clerk_js_version=5.125.7:0
[ 2762614ms] [ERROR] e: Clerk: Production Keys are only allowed for domain "greentryst.com". 
API Error: The Request HTTP Origin header must be equal to or a subdomain of the requesting URL.
    at https://clerk.greentryst.com/npm/@clerk/clerk-js@5/dist/clerk.browser.js:2:7182
    at u._baseFetch (https://clerk.greentryst.com/npm/@clerk/clerk-js@5/dist/clerk.browser.js:3:38)
    at async d.execute (https://clerk.greentryst.com/npm/@clerk/clerk-js@5/dist/clerk.browser.js:2:5226)
    at async s._baseGet (https://clerk.greentryst.com/npm/@clerk/clerk-js@5/dist/clerk.browser.js:3:567)
    at async Promise.all (index 1)
    at async #U (https://clerk.greentryst.com/npm/@clerk/clerk-js@5/dist/clerk.browser.js:5:73541)
    at async e5.load (https://clerk.greentryst.com/npm/@clerk/clerk-js@5/dist/clerk.browser.js:5:34322)
    at async _IsomorphicClerk.loadClerkJS (webpack-internal:///(app-pages-browser)/./node_modules/@clerk/clerk-react/dist/index.mjs:1746:9) @ webpack-internal:///(app-pages-browser)/./node_modules/next/dist/client/app-index.js:32
